The target system is: Generic - 4.0.99 - arm
The host system is: Darwin - 24.4.0 - x86_64
Compiling the C compiler identification source file "CMakeCCompilerId.c" succeeded.
Compiler: /opt/nordic/ncs/toolchains/ef4fc6722e/opt/zephyr-sdk/arm-zephyr-eabi/bin/arm-zephyr-eabi-gcc 
Build flags: 
Id flags: -c 

The output was:
0


Compilation of the C compiler identification source "CMakeCCompilerId.c" produced "CMakeCCompilerId.o"

The C compiler identification is GNU, found in "/Users/zhaohaichao/Desktop/ESE5180/iot-venture-f25-mesh/ble/build/hci_ipc/CMakeFiles/3.21.0/CompilerIdC/CMakeCCompilerId.o"

Compiling the CXX compiler identification source file "CMakeCXXCompilerId.cpp" succeeded.
Compiler: /opt/nordic/ncs/toolchains/ef4fc6722e/opt/zephyr-sdk/arm-zephyr-eabi/bin/arm-zephyr-eabi-g++ 
Build flags: 
Id flags: -c 

The output was:
0


Compilation of the CXX compiler identification source "CMakeCXXCompilerId.cpp" produced "CMakeCXXCompilerId.o"

The CXX compiler identification is GNU, found in "/Users/zhaohaichao/Desktop/ESE5180/iot-venture-f25-mesh/ble/build/hci_ipc/CMakeFiles/3.21.0/CompilerIdCXX/CMakeCXXCompilerId.o"

Checking whether the ASM compiler is GNU using "--version" matched "(GNU assembler)|(GCC)|(Free Software Foundation)":
arm-zephyr-eabi-gcc (Zephyr SDK 0.17.0) 12.2.0
Copyright (C) 2022 Free Software Foundation, Inc.
This is free software; see the source for copying conditions.  There is NO
warranty; not even for MERCHANTABILITY or FITNESS FOR A PARTICULAR PURPOSE.

Determining if files stdatomic.h exist passed with the following output:
Change Dir: /Users/zhaohaichao/Desktop/ESE5180/iot-venture-f25-mesh/ble/build/hci_ipc/CMakeFiles/CMakeTmp

Run Build Command(s):/opt/nordic/ncs/toolchains/ef4fc6722e/bin/ninja cmTC_ffd40 && [1/2] Building C object CMakeFiles/cmTC_ffd40.dir/HAVE_STDATOMIC_H.c.obj
[2/2] Linking C executable cmTC_ffd40
arm-zephyr-eabi-gcc: warning: CMakeFiles/cmTC_ffd40.dir/HAVE_STDATOMIC_H.c.obj: linker input file unused because linking not done



Determining if files fcntl.h exist passed with the following output:
Change Dir: /Users/zhaohaichao/Desktop/ESE5180/iot-venture-f25-mesh/ble/build/hci_ipc/CMakeFiles/CMakeTmp

Run Build Command(s):/opt/nordic/ncs/toolchains/ef4fc6722e/bin/ninja cmTC_1580e && [1/2] Building C object CMakeFiles/cmTC_1580e.dir/HAVE_FCNTL_H.c.obj
[2/2] Linking C executable cmTC_1580e
arm-zephyr-eabi-gcc: warning: CMakeFiles/cmTC_1580e.dir/HAVE_FCNTL_H.c.obj: linker input file unused because linking not done



