Archive member included to satisfy reference by file (symbol)

app/libapp.a(main.c.obj)      (--whole-archive)
app/libapp.a(io.c.obj)        (--whole-archive)
app/libapp.a(flash_map_extended.c.obj)
                              (--whole-archive)
app/libapp.a(os.c.obj)        (--whole-archive)
app/libapp.a(keys.c.obj)      (--whole-archive)
app/libapp.a(image_validate.c.obj)
                              (--whole-archive)
app/libapp.a(tlv.c.obj)       (--whole-archive)
app/libapp.a(encrypted.c.obj)
                              (--whole-archive)
app/libapp.a(image_rsa.c.obj)
                              (--whole-archive)
app/libapp.a(image_ecdsa.c.obj)
                              (--whole-archive)
app/libapp.a(image_ed25519.c.obj)
                              (--whole-archive)
app/libapp.a(bootutil_misc.c.obj)
                              (--whole-archive)
app/libapp.a(fault_injection_hardening.c.obj)
                              (--whole-archive)
app/libapp.a(loader.c.obj)    (--whole-archive)
app/libapp.a(swap_misc.c.obj)
                              (--whole-archive)
app/libapp.a(caps.c.obj)      (--whole-archive)
app/libapp.a(swap_scratch.c.obj)
                              (--whole-archive)
app/libapp.a(asn1parse.c.obj)
                              (--whole-archive)
app/libapp.a(platform_util.c.obj)
                              (--whole-archive)
app/libapp.a(ecc.c.obj)       (--whole-archive)
app/libapp.a(ecc_dsa.c.obj)   (--whole-archive)
app/libapp.a(sha256.c.obj)    (--whole-archive)
app/libapp.a(utils.c.obj)     (--whole-archive)
app/libapp.a(autogen-pubkey.c.obj)
                              (--whole-archive)
app/libapp.a(arm_cleanup.c.obj)
                              (--whole-archive)
app/libapp.a(nrf_cleanup.c.obj)
                              (--whole-archive)
zephyr/libzephyr.a(heap.c.obj)
                              (--whole-archive)
zephyr/libzephyr.a(cbprintf_packaged.c.obj)
                              (--whole-archive)
zephyr/libzephyr.a(printk.c.obj)
                              (--whole-archive)
zephyr/libzephyr.a(sem.c.obj)
                              (--whole-archive)
zephyr/libzephyr.a(thread_entry.c.obj)
                              (--whole-archive)
zephyr/libzephyr.a(cbprintf_nano.c.obj)
                              (--whole-archive)
zephyr/libzephyr.a(cbprintf.c.obj)
                              (--whole-archive)
zephyr/libzephyr.a(assert.c.obj)
                              (--whole-archive)
zephyr/libzephyr.a(dec.c.obj)
                              (--whole-archive)
zephyr/libzephyr.a(hex.c.obj)
                              (--whole-archive)
zephyr/libzephyr.a(rb.c.obj)  (--whole-archive)
zephyr/libzephyr.a(timeutil.c.obj)
                              (--whole-archive)
zephyr/libzephyr.a(bitarray.c.obj)
                              (--whole-archive)
zephyr/libzephyr.a(onoff.c.obj)
                              (--whole-archive)
zephyr/libzephyr.a(notify.c.obj)
                              (--whole-archive)
zephyr/libzephyr.a(last_section_id.c.obj)
                              (--whole-archive)
zephyr/libzephyr.a(configs.c.obj)
                              (--whole-archive)
zephyr/libzephyr.a(log_minimal.c.obj)
                              (--whole-archive)
zephyr/libzephyr.a(mem_attr.c.obj)
                              (--whole-archive)
zephyr/libzephyr.a(flash_map.c.obj)
                              (--whole-archive)
zephyr/libzephyr.a(flash_map_layout.c.obj)
                              (--whole-archive)
zephyr/libzephyr.a(tracing_none.c.obj)
                              (--whole-archive)
zephyr/libzephyr.a(flash_util.c.obj)
                              (--whole-archive)
zephyr/libzephyr.a(banner.c.obj)
                              (--whole-archive)
zephyr/libzephyr.a(flash_map_partition_manager.c.obj)
                              (--whole-archive)
zephyr/libzephyr.a(nrf_cc3xx_platform_abort_zephyr.c.obj)
                              (--whole-archive)
zephyr/libzephyr.a(nrf_cc3xx_platform_mutex_zephyr.c.obj)
                              (--whole-archive)
zephyr/arch/common/libarch__common.a(sw_isr_common.c.obj)
                              (--whole-archive)
zephyr/arch/arch/arm/core/libarch__arm__core.a(fatal.c.obj)
                              (--whole-archive)
zephyr/arch/arch/arm/core/libarch__arm__core.a(nmi.c.obj)
                              (--whole-archive)
zephyr/arch/arch/arm/core/libarch__arm__core.a(nmi_on_reset.S.obj)
                              (--whole-archive)
zephyr/arch/arch/arm/core/cortex_m/libarch__arm__core__cortex_m.a(exc_exit.c.obj)
                              (--whole-archive)
zephyr/arch/arch/arm/core/cortex_m/libarch__arm__core__cortex_m.a(fault.c.obj)
                              (--whole-archive)
zephyr/arch/arch/arm/core/cortex_m/libarch__arm__core__cortex_m.a(fault_s.S.obj)
                              (--whole-archive)
zephyr/arch/arch/arm/core/cortex_m/libarch__arm__core__cortex_m.a(fpu.c.obj)
[...]
Memory Configuration

Name             Origin             Length             Attributes
FLASH            0x0000000000000000 0x000000000000c000 xr
RAM              0x0000000020002000 0x000000000006e000 xw
IDT_LIST         0x00000000ffff7fff 0x0000000000008000 xw
*default*        0x0000000000000000 0xffffffffffffffff

Linker script and memory map

LOAD zephyr/CMakeFiles/zephyr_final.dir/misc/empty_file.c.obj
LOAD zephyr/CMakeFiles/zephyr_final.dir/isr_tables.c.obj
LOAD zephyr/CMakeFiles/offsets.dir/./arch/arm/core/offsets/offsets.c.obj
LOAD app/libapp.a
LOAD zephyr/libzephyr.a
LOAD zephyr/arch/common/libarch__common.a
LOAD zephyr/arch/arch/arm/core/libarch__arm__core.a
LOAD zephyr/arch/arch/arm/core/cortex_m/libarch__arm__core__cortex_m.a
LOAD zephyr/arch/arch/arm/core/cortex_m/cmse/libarch__arm__core__cortex_m__cmse.a
LOAD zephyr/arch/arch/arm/core/mpu/libarch__arm__core__mpu.a
LOAD zephyr/lib/libc/minimal/liblib__libc__minimal.a
LOAD zephyr/lib/libc/common/liblib__libc__common.a
LOAD zephyr/soc/soc/nrf5340/libsoc__nordic.a
LOAD zephyr/drivers/clock_control/libdrivers__clock_control.a
LOAD zephyr/drivers/console/libdrivers__console.a
LOAD zephyr/drivers/flash/libdrivers__flash.a
LOAD zephyr/drivers/gpio/libdrivers__gpio.a
LOAD zephyr/drivers/pinctrl/libdrivers__pinctrl.a
LOAD zephyr/drivers/serial/libdrivers__serial.a
LOAD zephyr/drivers/spi/libdrivers__spi.a
LOAD zephyr/drivers/timer/libdrivers__timer.a
LOAD modules/nrf/lib/fprotect/lib..__nrf__lib__fprotect.a
LOAD modules/nrf/subsys/pcd/lib..__nrf__subsys__pcd.a
LOAD modules/nrf/modules/mcuboot/hooks/lib..__nrf__modules__mcuboot__hooks.a
LOAD modules/nrf/drivers/hw_cc3xx/lib..__nrf__drivers__hw_cc3xx.a
LOAD modules/mcuboot/boot/bootutil/zephyr/libmcuboot_util.a
LOAD modules/hal_nordic/modules/hal_nordic/nrfx/libmodules__hal_nordic__nrfx.a
LOAD zephyr/kernel/libkernel.a
LOAD zephyr/arch/common/libisr_tables.a
LOAD /opt/nordic/ncs/v3.0.2/nrfxlib/crypto/nrf_cc312_platform/lib/cortex-m33/soft-float/no-interrupts/libnrf_cc312_platform_0.9.19.a
LOAD /opt/nordic/ncs/toolchains/ef4fc6722e/opt/zephyr-sdk/arm-zephyr-eabi/bin/../lib/gcc/arm-zephyr-eabi/12.2.0/thumb/v8-m.main/nofp/libgcc.a
                0x0000000000000020                _region_min_align = 0x20

.rel.plt        0x0000000000000000        0x0
 *(SORT_BY_ALIGNMENT(.rel.plt))
                [!provide]                        PROVIDE (__rel_iplt_start = .)
 *(SORT_BY_ALIGNMENT(.rel.iplt))
 .rel.iplt      0x0000000000000000        0x0 zephyr/CMakeFiles/zephyr_final.dir/isr_tables.c.obj
                [!provide]                        PROVIDE (__rel_iplt_end = .)

.rela.plt       0x0000000000000000        0x0
 *(SORT_BY_ALIGNMENT(.rela.plt))
                [!provide]                        PROVIDE (__rela_iplt_start = .)
 *(SORT_BY_ALIGNMENT(.rela.iplt))
                [!provide]                        PROVIDE (__rela_iplt_end = .)

.rel.dyn
 *(SORT_BY_ALIGNMENT(.rel.*))

.rela.dyn
 *(SORT_BY_ALIGNMENT(.rela.*))

/DISCARD/
 *(SORT_BY_ALIGNMENT(.plt))

/DISCARD/
 *(SORT_BY_ALIGNMENT(.iplt))
                0x0000000000000000                __rom_region_start = 0x0

rom_start       0x0000000000000000      0x154
                0x0000000000000000                __rom_start_address = .
 FILL mask 0x00
                0x0000000000000000                . = (. + (0x0 - (. - __rom_start_address)))
                0x0000000000000000                . = ALIGN (0x4)
                0x0000000000000000                . = ALIGN (0x80)
                0x0000000000000000                . = ALIGN (0x200)
                0x0000000000000000                _vector_start = .
 *(SORT_BY_ALIGNMENT(.exc_vector_table))
 *(SORT_BY_ALIGNMENT(.exc_vector_table.*))
 .exc_vector_table._vector_table_section
                0x0000000000000000       0x40 zephyr/arch/arch/arm/core/cortex_m/libarch__arm__core__cortex_m.a(vector_table.S.obj)
                0x0000000000000000                _vector_table
 *(SORT_BY_ALIGNMENT(.vectors))
                0x0000000000000154                _vector_end = .
                0x0000000000000040                . = ALIGN (0x4)
 *(SORT_BY_ALIGNMENT(.gnu.linkonce.irq_vector_table*))
 .gnu.linkonce.irq_vector_table
                0x0000000000000040      0x114 zephyr/CMakeFiles/zephyr_final.dir/isr_tables.c.obj
                0x0000000000000040                _irq_vector_table
                0x0000000000000154                _vector_end = .

text            0x0000000000000154     0x96b0
                0x0000000000000154                __text_region_start = .
 *(SORT_BY_ALIGNMENT(.text))
 .text          0x0000000000000154       0x30 /opt/nordic/ncs/toolchains/ef4fc6722e/opt/zephyr-sdk/arm-zephyr-eabi/bin/../lib/gcc/arm-zephyr-eabi/12.2.0/thumb/v8-m.main/nofp/libgcc.a(_aeabi_uldivmod.o)
                0x0000000000000154                __aeabi_uldivmod
 .text          0x0000000000000184        0x4 /opt/nordic/ncs/toolchains/ef4fc6722e/opt/zephyr-sdk/arm-zephyr-eabi/bin/../lib/gcc/arm-zephyr-eabi/12.2.0/thumb/v8-m.main/nofp/libgcc.a(_dvmd_tls.o)
                0x0000000000000184                __aeabi_ldiv0
                0x0000000000000184                __aeabi_idiv0
 .text          0x0000000000000188      0x29c /opt/nordic/ncs/toolchains/ef4fc6722e/opt/zephyr-sdk/arm-zephyr-eabi/bin/../lib/gcc/arm-zephyr-eabi/12.2.0/thumb/v8-m.main/nofp/libgcc.a(_udivmoddi4.o)
                0x0000000000000188                __udivmoddi4
 *(SORT_BY_ALIGNMENT(.text.*))
 .text.main     0x0000000000000424      0x12c app/libapp.a(main.c.obj)
                0x0000000000000424                main
 .text.io_led_init
                0x0000000000000550       0x48 app/libapp.a(io.c.obj)
                0x0000000000000550                io_led_init
 .text.flash_device_base
                0x0000000000000598       0x20 app/libapp.a(flash_map_extended.c.obj)
                0x0000000000000598                flash_device_base
 .text.flash_area_id_from_multi_image_slot
                0x00000000000005b8       0x24 app/libapp.a(flash_map_extended.c.obj)
                0x00000000000005b8                flash_area_id_from_multi_image_slot
 .text.bootutil_img_validate
                0x00000000000005dc      0x1f8 app/libapp.a(image_validate.c.obj)
                0x00000000000005dc                bootutil_img_validate
 .text.bootutil_verify_sig
                0x00000000000007d4      0x108 app/libapp.a(image_ecdsa.c.obj)
                0x00000000000007d4                bootutil_verify_sig
 .text.boot_initialize_area
                0x00000000000008dc       0x60 app/libapp.a(loader.c.obj)
 .text.boot_read_sectors
                0x000000000000093c       0x4c app/libapp.a(loader.c.obj)
 .text.boot_validate_slot.constprop.0.isra.0
                0x0000000000000988      0x188 app/libapp.a(loader.c.obj)
 .text.boot_copy_region
                0x0000000000000b10       0xac app/libapp.a(loader.c.obj)
                0x0000000000000b10                boot_copy_region
 .text.context_boot_go
                0x0000000000000bbc      0x648 app/libapp.a(loader.c.obj)
                0x0000000000000bbc                context_boot_go
 .text.boot_go  0x0000000000001204       0x20 app/libapp.a(loader.c.obj)
                0x0000000000001204                boot_go
 .text.boot_slots_compatible
                0x0000000000001224       0xa8 app/libapp.a(swap_scratch.c.obj)
                0x0000000000001224                boot_slots_compatible
 .text.mbedtls_platform_zeroize
                0x00000000000012cc       0x14 app/libapp.a(platform_util.c.obj)
                0x00000000000012cc                mbedtls_platform_zeroize
 .text.vli_mmod_fast_secp256r1
                0x00000000000012e0      0x184 app/libapp.a(ecc.c.obj)
                0x00000000000012e0                vli_mmod_fast_secp256r1
 .text.uECC_secp256r1
                0x0000000000001464        0x8 app/libapp.a(ecc.c.obj)
                0x0000000000001464                uECC_secp256r1
 .text.compress
                0x000000000000146c      0x1d4 app/libapp.a(sha256.c.obj)
 .text.tc_sha256_init
                0x0000000000001640       0x58 app/libapp.a(sha256.c.obj)
                0x0000000000001640                tc_sha256_init
 .text.cleanup_arm_nvic
                0x0000000000001698       0x38 app/libapp.a(arm_cleanup.c.obj)
                0x0000000000001698                cleanup_arm_nvic
 .text.nrf_cleanup_peripheral
                0x00000000000016d0       0x9c app/libapp.a(nrf_cleanup.c.obj)
                0x00000000000016d0                nrf_cleanup_peripheral
 .text.char_out
                0x000000000000176c        0xc zephyr/libzephyr.a(printk.c.obj)
 .text.__printk_hook_install
                0x0000000000001778        0xc zephyr/libzephyr.a(printk.c.obj)
                0x0000000000001778                __printk_hook_install
 .text.vprintk  0x0000000000001784       0x1c zephyr/libzephyr.a(printk.c.obj)
                0x0000000000001784                vprintk
 .text.z_cbvprintf_impl
                0x00000000000017a0      0x444 zephyr/libzephyr.a(cbprintf_nano.c.obj)
                0x00000000000017a0                z_cbvprintf_impl
 .text.process_event
                0x0000000000001be4      0x21c zephyr/libzephyr.a(onoff.c.obj)
 .text.mem_attr_get_regions
                0x0000000000001e00        0xc zephyr/libzephyr.a(mem_attr.c.obj)
                0x0000000000001e00                mem_attr_get_regions
 .text.flash_area_open
                0x0000000000001e0c       0x4c zephyr/libzephyr.a(flash_map.c.obj)
                0x0000000000001e0c                flash_area_open
 .text.flash_area_sectors
                0x0000000000001e58       0x34 zephyr/libzephyr.a(flash_map_layout.c.obj)
                0x0000000000001e58                flash_area_sectors
 .text.boot_banner
                0x0000000000001e8c       0x24 zephyr/libzephyr.a(banner.c.obj)
                0x0000000000001e8c                boot_banner
 .text.nrf_cc3xx_platform_abort_init
                0x0000000000001eb0        0xc zephyr/libzephyr.a(nrf_cc3xx_platform_abort_zephyr.c.obj)
                0x0000000000001eb0                nrf_cc3xx_platform_abort_init
 .text.mutex_free_platform
                0x0000000000001ebc       0x54 zephyr/libzephyr.a(nrf_cc3xx_platform_mutex_zephyr.c.obj)
 .text.mutex_lock_platform
                0x0000000000001f10       0x74 zephyr/libzephyr.a(nrf_cc3xx_platform_mutex_zephyr.c.obj)
 .text.mutex_unlock_platform
                0x0000000000001f84       0x68 zephyr/libzephyr.a(nrf_cc3xx_platform_mutex_zephyr.c.obj)
 .text.mutex_init_platform
                0x0000000000001fec       0x94 zephyr/libzephyr.a(nrf_cc3xx_platform_mutex_zephyr.c.obj)
 .text.nrf_cc3xx_platform_mutex_init
                0x0000000000002080       0x2c zephyr/libzephyr.a(nrf_cc3xx_platform_mutex_zephyr.c.obj)
                0x0000000000002080                nrf_cc3xx_platform_mutex_init
 .text.z_SysNmiOnReset
                0x00000000000020ac        0x8 zephyr/arch/arch/arm/core/libarch__arm__core.a(nmi_on_reset.S.obj)
                0x00000000000020ac                z_SysNmiOnReset
 .text._HandlerModeExit
                0x00000000000020b4       0x28 zephyr/arch/arch/arm/core/cortex_m/libarch__arm__core__cortex_m.a(exc_exit.c.obj)
                0x00000000000020b4                z_arm_exc_exit
                0x00000000000020b4                z_arm_int_exit
 .text.usage_fault.constprop.0
                0x00000000000020dc       0x5c zephyr/arch/arch/arm/core/cortex_m/libarch__arm__core__cortex_m.a(fault.c.obj)
 .text.bus_fault.constprop.0
                0x0000000000002138       0x6c zephyr/arch/arch/arm/core/cortex_m/libarch__arm__core__cortex_m.a(fault.c.obj)
 .text.mem_manage_fault.constprop.0
                0x00000000000021a4       0x78 zephyr/arch/arch/arm/core/cortex_m/libarch__arm__core__cortex_m.a(fault.c.obj)
 .text.z_arm_fault
                0x000000000000221c      0x118 zephyr/arch/arch/arm/core/cortex_m/libarch__arm__core__cortex_m.a(fault.c.obj)
                0x000000000000221c                z_arm_fault
 .text.z_arm_fault_init
                0x0000000000002334       0x20 zephyr/arch/arch/arm/core/cortex_m/libarch__arm__core__cortex_m.a(fault.c.obj)
                0x0000000000002334                z_arm_fault_init
 .text.__fault  0x0000000000002354       0x14 zephyr/arch/arch/arm/core/cortex_m/libarch__arm__core__cortex_m.a(fault_s.S.obj)
                0x0000000000002354                z_arm_bus_fault
                0x0000000000002354                z_arm_usage_fault
                0x0000000000002354                z_arm_mpu_fault
                0x0000000000002354                z_arm_exc_spurious
                0x0000000000002354                z_arm_debug_monitor
                0x0000000000002354                z_arm_hard_fault
 .text._reset_section
                0x0000000000002368       0x60 zephyr/arch/arch/arm/core/cortex_m/libarch__arm__core__cortex_m.a(reset.S.obj)
                0x0000000000002368                z_arm_reset
                0x0000000000002368                __start
 .text.z_arm_clear_arm_mpu_config
                0x00000000000023c8       0x24 zephyr/arch/arch/arm/core/cortex_m/libarch__arm__core__cortex_m.a(scb.c.obj)
                0x00000000000023c8                z_arm_clear_arm_mpu_config
 .text.z_arm_init_arch_hw_at_boot
                0x00000000000023ec       0x4c zephyr/arch/arch/arm/core/cortex_m/libarch__arm__core__cortex_m.a(scb.c.obj)
                0x00000000000023ec                z_arm_init_arch_hw_at_boot
 .text.z_impl_k_thread_abort
                0x0000000000002438       0x2c zephyr/arch/arch/arm/core/cortex_m/libarch__arm__core__cortex_m.a(thread_abort.c.obj)
                0x0000000000002438                z_impl_k_thread_abort
 .text.z_arm_pendsv
                0x0000000000002464       0x58 zephyr/arch/arch/arm/core/cortex_m/libarch__arm__core__cortex_m.a(swap_helper.S.obj)
                0x0000000000002464                z_arm_pendsv
 .text.z_arm_svc
                0x00000000000024bc       0x24 zephyr/arch/arch/arm/core/cortex_m/libarch__arm__core__cortex_m.a(swap_helper.S.obj)
                0x00000000000024bc                z_arm_svc
 .text.arch_irq_enable
                0x00000000000024e0       0x1c zephyr/arch/arch/arm/core/cortex_m/libarch__arm__core__cortex_m.a(irq_manage.c.obj)
                0x00000000000024e0                arch_irq_enable
 .text.arch_irq_disable
                0x00000000000024fc       0x28 zephyr/arch/arch/arm/core/cortex_m/libarch__arm__core__cortex_m.a(irq_manage.c.obj)
                0x00000000000024fc                arch_irq_disable
 .text.arch_irq_is_enabled
                0x0000000000002524       0x1c zephyr/arch/arch/arm/core/cortex_m/libarch__arm__core__cortex_m.a(irq_manage.c.obj)
                0x0000000000002524                arch_irq_is_enabled
 .text.z_arm_irq_priority_set
                0x0000000000002540       0x2c zephyr/arch/arch/arm/core/cortex_m/libarch__arm__core__cortex_m.a(irq_manage.c.obj)
                0x0000000000002540                z_arm_irq_priority_set
 .text.z_prep_c
                0x000000000000256c       0x38 zephyr/arch/arch/arm/core/cortex_m/libarch__arm__core__cortex_m.a(prep_c.c.obj)
                0x000000000000256c                z_prep_c
 .text.arch_new_thread
                0x00000000000025a4       0x38 zephyr/arch/arch/arm/core/cortex_m/libarch__arm__core__cortex_m.a(thread.c.obj)
                0x00000000000025a4                arch_new_thread
 .text.arch_switch_to_main_thread
                0x00000000000025dc       0x34 zephyr/arch/arch/arm/core/cortex_m/libarch__arm__core__cortex_m.a(thread.c.obj)
                0x00000000000025dc                arch_switch_to_main_thread
 .text.z_arm_cpu_idle_init
                0x0000000000002610        0xc zephyr/arch/arch/arm/core/cortex_m/libarch__arm__core__cortex_m.a(cpu_idle.c.obj)
                0x0000000000002610                z_arm_cpu_idle_init
 .text.z_arm_interrupt_init
                0x000000000000261c       0x18 zephyr/arch/arch/arm/core/cortex_m/libarch__arm__core__cortex_m.a(irq_init.c.obj)
                0x000000000000261c                z_arm_interrupt_init
 .text._isr_wrapper
                0x0000000000002634       0x24 zephyr/arch/arch/arm/core/cortex_m/libarch__arm__core__cortex_m.a(isr_wrapper.c.obj)
                0x0000000000002634                _isr_wrapper
 .text.z_arm_configure_static_mpu_regions
                0x0000000000002658       0x38 zephyr/arch/arch/arm/core/mpu/libarch__arm__core__mpu.a(arm_core_mpu.c.obj)
                0x0000000000002658                z_arm_configure_static_mpu_regions
 .text.region_init
                0x0000000000002690       0x34 zephyr/arch/arch/arm/core/mpu/libarch__arm__core__mpu.a(arm_mpu.c.obj)
 .text.region_allocate_and_init
                0x00000000000026c4       0x24 zephyr/arch/arch/arm/core/mpu/libarch__arm__core__mpu.a(arm_mpu.c.obj)
 .text.mpu_configure_regions_and_partition.constprop.0
                0x00000000000026e8      0x148 zephyr/arch/arch/arm/core/mpu/libarch__arm__core__mpu.a(arm_mpu.c.obj)
 .text.arm_core_mpu_enable
                0x0000000000002830       0x18 zephyr/arch/arch/arm/core/mpu/libarch__arm__core__mpu.a(arm_mpu.c.obj)
                0x0000000000002830                arm_core_mpu_enable
 .text.arm_core_mpu_disable
                0x0000000000002848       0x14 zephyr/arch/arch/arm/core/mpu/libarch__arm__core__mpu.a(arm_mpu.c.obj)
                0x0000000000002848                arm_core_mpu_disable
 .text.arm_core_mpu_configure_static_mpu_regions
                0x000000000000285c       0x14 zephyr/arch/arch/arm/core/mpu/libarch__arm__core__mpu.a(arm_mpu.c.obj)
                0x000000000000285c                arm_core_mpu_configure_static_mpu_regions
 .text.arm_core_mpu_mark_areas_for_dynamic_regions
                0x0000000000002870       0xb8 zephyr/arch/arch/arm/core/mpu/libarch__arm__core__mpu.a(arm_mpu.c.obj)
                0x0000000000002870                arm_core_mpu_mark_areas_for_dynamic_regions
 .text.z_arm_mpu_init
                0x0000000000002928      0x11c zephyr/arch/arch/arm/core/mpu/libarch__arm__core__mpu.a(arm_mpu.c.obj)
                0x0000000000002928                z_arm_mpu_init
 .text.__stdout_hook_install
                0x0000000000002a44        0xc zephyr/lib/libc/minimal/liblib__libc__minimal.a(stdout_console.c.obj)
                0x0000000000002a44                __stdout_hook_install
 .text.nrf_gpio_pin_control_select
                0x0000000000002a50       0x3c zephyr/soc/soc/nrf5340/libsoc__nordic.a(soc.c.obj)
 .text.nordicsemi_nrf53_init
                0x0000000000002a8c       0x5c zephyr/soc/soc/nrf5340/libsoc__nordic.a(soc.c.obj)
 .text.rtc_pretick_init
                0x0000000000002ae8       0x60 zephyr/soc/soc/nrf5340/libsoc__nordic.a(soc.c.obj)
 .text.z_arm_on_enter_cpu_idle
                0x0000000000002b48       0x64 zephyr/soc/soc/nrf5340/libsoc__nordic.a(soc.c.obj)
                0x0000000000002b48                z_arm_on_enter_cpu_idle
 .text.arch_busy_wait
                0x0000000000002bac       0x24 zephyr/soc/soc/nrf5340/libsoc__nordic.a(soc.c.obj)
                0x0000000000002bac                arch_busy_wait
 .text.nrf53_cpunet_mgmt_init
                0x0000000000002bd0       0x10 zephyr/soc/soc/nrf5340/libsoc__nordic.a(nrf53_cpunet_mgmt.c.obj)
 .text.onoff_start
                0x0000000000002be0       0x6c zephyr/soc/soc/nrf5340/libsoc__nordic.a(nrf53_cpunet_mgmt.c.obj)
 .text.onoff_stop
                0x0000000000002c4c       0x30 zephyr/drivers/clock_control/libdrivers__clock_control.a(clock_control_nrf.c.obj)
 .text.onoff_start
                0x0000000000002c7c       0x44 zephyr/drivers/clock_control/libdrivers__clock_control.a(clock_control_nrf.c.obj)
 .text.generic_hfclk_stop
                0x0000000000002cc0       0x34 zephyr/drivers/clock_control/libdrivers__clock_control.a(clock_control_nrf.c.obj)
 .text.clk_init
                0x0000000000002cf4       0x64 zephyr/drivers/clock_control/libdrivers__clock_control.a(clock_control_nrf.c.obj)
 .text.api_blocking_start
                0x0000000000002d58       0x34 zephyr/drivers/clock_control/libdrivers__clock_control.a(clock_control_nrf.c.obj)
 .text.clkstarted_handle.constprop.0
                0x0000000000002d8c       0x4c zephyr/drivers/clock_control/libdrivers__clock_control.a(clock_control_nrf.c.obj)
 .text.generic_hfclk_start
                0x0000000000002dd8       0x78 zephyr/drivers/clock_control/libdrivers__clock_control.a(clock_control_nrf.c.obj)
 .text.clock_event_handler
                0x0000000000002e50       0x34 zephyr/drivers/clock_control/libdrivers__clock_control.a(clock_control_nrf.c.obj)
 .text.z_nrf_clock_control_lf_on
                0x0000000000002e84       0xf8 zephyr/drivers/clock_control/libdrivers__clock_control.a(clock_control_nrf.c.obj)
                0x0000000000002e84                z_nrf_clock_control_lf_on
 .text.uart_console_init
                0x0000000000002f7c       0x28 zephyr/drivers/console/libdrivers__console.a(uart_console.c.obj)
 .text.console_out
                0x0000000000002fa4       0x28 zephyr/drivers/console/libdrivers__console.a(uart_console.c.obj)
 .text.jesd216_bfp_decode_dw16
                0x0000000000002fcc       0x40 zephyr/drivers/flash/libdrivers__flash.a(jesd216.c.obj)
                0x0000000000002fcc                jesd216_bfp_decode_dw16
 .text.flash_nrf_pages_layout
                0x000000000000300c       0x10 zephyr/drivers/flash/libdrivers__flash.a(soc_flash_nrf.c.obj)
 .text.flash_nrf_get_parameters
                0x000000000000301c        0x8 zephyr/drivers/flash/libdrivers__flash.a(soc_flash_nrf.c.obj)
 .text.nrf_flash_init
                0x0000000000003024       0x28 zephyr/drivers/flash/libdrivers__flash.a(soc_flash_nrf.c.obj)
 .text.flash_nrf_erase
                0x000000000000304c       0x64 zephyr/drivers/flash/libdrivers__flash.a(soc_flash_nrf.c.obj)
 .text.flash_nrf_write
                0x00000000000030b0       0x64 zephyr/drivers/flash/libdrivers__flash.a(soc_flash_nrf.c.obj)
 .text.flash_nor_get_parameters
                0x0000000000003114        0x8 zephyr/drivers/flash/libdrivers__flash.a(spi_nor.c.obj)
 .text.flash_sim_page_layout
                0x000000000000311c       0x10 zephyr/drivers/flash/libdrivers__flash.a(flash_simulator.c.obj)
 .text.flash_sim_get_parameters
                0x000000000000312c        0x8 zephyr/drivers/flash/libdrivers__flash.a(flash_simulator.c.obj)
 .text.flash_sim_write
                0x0000000000003134       0x78 zephyr/drivers/flash/libdrivers__flash.a(flash_simulator.c.obj)
 .text.flash_sim_read
                0x00000000000031ac       0x2c zephyr/drivers/flash/libdrivers__flash.a(flash_simulator.c.obj)
 .text.flash_sim_erase
                0x00000000000031d8       0x50 zephyr/drivers/flash/libdrivers__flash.a(flash_simulator.c.obj)
 .text.flash_init
                0x0000000000003228       0x18 zephyr/drivers/flash/libdrivers__flash.a(flash_simulator.c.obj)
 .text.z_impl_flash_simulator_get_memory
                0x0000000000003240       0x10 zephyr/drivers/flash/libdrivers__flash.a(flash_simulator.c.obj)
                0x0000000000003240                z_impl_flash_simulator_get_memory
 .text.gpio_nrfx_pin_interrupt_configure
                0x0000000000003250      0x100 zephyr/drivers/gpio/libdrivers__gpio.a(gpio_nrfx.c.obj)
 .text.gpio_nrfx_init
                0x0000000000003350       0x48 zephyr/drivers/gpio/libdrivers__gpio.a(gpio_nrfx.c.obj)
 .text.nrfx_gpio_handler
                0x0000000000003398       0x4c zephyr/drivers/gpio/libdrivers__gpio.a(gpio_nrfx.c.obj)
 .text.gpio_nrfx_pin_configure
                0x00000000000033e4      0x188 zephyr/drivers/gpio/libdrivers__gpio.a(gpio_nrfx.c.obj)
 .text.nrf_gpio_pin_port_decode
                0x000000000000356c       0x24 zephyr/drivers/pinctrl/libdrivers__pinctrl.a(pinctrl_nrf.c.obj)
 .text.pinctrl_configure_pins
                0x0000000000003590      0x1a0 zephyr/drivers/pinctrl/libdrivers__pinctrl.a(pinctrl_nrf.c.obj)
                0x0000000000003590                pinctrl_configure_pins
 .text.uarte_nrfx_poll_out
                0x0000000000003730       0xb4 zephyr/drivers/serial/libdrivers__serial.a(uart_nrfx_uarte.c.obj)
 .text.uarte_0_init
                0x00000000000037e4      0x10c zephyr/drivers/serial/libdrivers__serial.a(uart_nrfx_uarte.c.obj)
 .text.transfer_next_chunk
                0x00000000000038f0       0xd0 zephyr/drivers/spi/libdrivers__spi.a(spi_nrfx_spim.c.obj)
 .text.spi_nrfx_transceive
                0x00000000000039c0      0x350 zephyr/drivers/spi/libdrivers__spi.a(spi_nrfx_spim.c.obj)
 .text.nrf_gpio_cfg_input
                0x0000000000003d10       0x40 zephyr/drivers/spi/libdrivers__spi.a(spi_nrfx_common.c.obj)
 .text.spi_nrfx_wake_init
                0x0000000000003d50       0x60 zephyr/drivers/spi/libdrivers__spi.a(spi_nrfx_common.c.obj)
                0x0000000000003d50                spi_nrfx_wake_init
 .text.compare_int_lock
                0x0000000000003db0       0x40 zephyr/drivers/timer/libdrivers__timer.a(nrf_rtc_timer.c.obj)
 .text.sys_clock_timeout_handler
                0x0000000000003df0       0x48 zephyr/drivers/timer/libdrivers__timer.a(nrf_rtc_timer.c.obj)
 .text.compare_int_unlock
                0x0000000000003e38       0x4c zephyr/drivers/timer/libdrivers__timer.a(nrf_rtc_timer.c.obj)
 .text.z_nrf_rtc_timer_read
                0x0000000000003e84       0x44 zephyr/drivers/timer/libdrivers__timer.a(nrf_rtc_timer.c.obj)
                0x0000000000003e84                z_nrf_rtc_timer_read
 .text.compare_set
                0x0000000000003ec8      0x124 zephyr/drivers/timer/libdrivers__timer.a(nrf_rtc_timer.c.obj)
 .text.sys_clock_driver_init
                0x0000000000003fec       0x90 zephyr/drivers/timer/libdrivers__timer.a(nrf_rtc_timer.c.obj)
 .text.rtc_nrf_isr
                0x000000000000407c       0xd0 zephyr/drivers/timer/libdrivers__timer.a(nrf_rtc_timer.c.obj)
                0x000000000000407c                rtc_nrf_isr
 .text.sys_clock_set_timeout
                0x000000000000414c       0x5c zephyr/drivers/timer/libdrivers__timer.a(nrf_rtc_timer.c.obj)
                0x000000000000414c                sys_clock_set_timeout
 .text.sys_clock_elapsed
                0x00000000000041a8       0x14 zephyr/drivers/timer/libdrivers__timer.a(nrf_rtc_timer.c.obj)
                0x00000000000041a8                sys_clock_elapsed
 .text.sys_clock_disable
                0x00000000000041bc       0x30 zephyr/drivers/timer/libdrivers__timer.a(nrf_rtc_timer.c.obj)
                0x00000000000041bc                sys_clock_disable
 .text.fprotect_area
                0x00000000000041ec       0x3c modules/nrf/lib/fprotect/lib..__nrf__lib__fprotect.a(fprotect_spu.c.obj)
                0x00000000000041ec                fprotect_area
 .text.pcd_fw_copy_status_get
                0x0000000000004228       0x48 modules/nrf/subsys/pcd/lib..__nrf__subsys__pcd.a(pcd.c.obj)
                0x0000000000004228                pcd_fw_copy_status_get
 .text.network_core_finished_check_handler
                0x0000000000004270       0x20 modules/nrf/subsys/pcd/lib..__nrf__subsys__pcd.a(pcd.c.obj)
 .text.network_core_pcd_cmdset.constprop.0
                0x0000000000004290       0xd8 modules/nrf/subsys/pcd/lib..__nrf__subsys__pcd.a(pcd.c.obj)
 .text.pcd_network_core_update_initiate
                0x0000000000004368       0x3c modules/nrf/subsys/pcd/lib..__nrf__subsys__pcd.a(pcd.c.obj)
                0x0000000000004368                pcd_network_core_update_initiate
 .text.pcd_network_core_update
                0x00000000000043a4       0x14 modules/nrf/subsys/pcd/lib..__nrf__subsys__pcd.a(pcd.c.obj)
                0x00000000000043a4                pcd_network_core_update
 .text.pcd_lock_ram
                0x00000000000043b8       0x14 modules/nrf/subsys/pcd/lib..__nrf__subsys__pcd.a(pcd.c.obj)
                0x00000000000043b8                pcd_lock_ram
 .text.boot_image_check_hook
                0x00000000000043cc       0x18 modules/nrf/modules/mcuboot/hooks/lib..__nrf__modules__mcuboot__hooks.a(nrf53_hooks.c.obj)
                0x00000000000043cc                boot_image_check_hook
 .text.network_core_update
                0x00000000000043e4       0x50 modules/nrf/modules/mcuboot/hooks/lib..__nrf__modules__mcuboot__hooks.a(nrf53_hooks.c.obj)
                0x00000000000043e4                network_core_update
 .text.boot_write_magic
                0x0000000000004434       0x40 modules/mcuboot/boot/bootutil/zephyr/libmcuboot_util.a(bootutil_public.c.obj)
                0x0000000000004434                boot_write_magic
 .text.boot_read_swap_state
                0x0000000000004474       0xac modules/mcuboot/boot/bootutil/zephyr/libmcuboot_util.a(bootutil_public.c.obj)
                0x0000000000004474                boot_read_swap_state
 .text.boot_swap_type_multi
                0x0000000000004520      0x10c modules/mcuboot/boot/bootutil/zephyr/libmcuboot_util.a(bootutil_public.c.obj)
                0x0000000000004520                boot_swap_type_multi
 .text.nrf53_errata_42
                0x000000000000462c       0x24 modules/hal_nordic/modules/hal_nordic/nrfx/libmodules__hal_nordic__nrfx.a(system_nrf5340_application.c.obj)
 .text.SystemInit
                0x0000000000004650      0x1c4 modules/hal_nordic/modules/hal_nordic/nrfx/libmodules__hal_nordic__nrfx.a(system_nrf5340_application.c.obj)
                0x0000000000004650                SystemInit
 .text.nrfx_flag32_alloc
                0x0000000000004814       0x40 modules/hal_nordic/modules/hal_nordic/nrfx/libmodules__hal_nordic__nrfx.a(nrfx_flag32_allocator.c.obj)
                0x0000000000004814                nrfx_flag32_alloc
 .text.nrfx_flag32_free
                0x0000000000004854       0x38 modules/hal_nordic/modules/hal_nordic/nrfx/libmodules__hal_nordic__nrfx.a(nrfx_flag32_allocator.c.obj)
                0x0000000000004854                nrfx_flag32_free
 .text.nrfx_gppi_channels_enable
                0x000000000000488c        0xc modules/hal_nordic/modules/hal_nordic/nrfx/libmodules__hal_nordic__nrfx.a(nrfx_gppi_dppi.c.obj)
                0x000000000000488c                nrfx_gppi_channels_enable
 .text.nrfx_gppi_channel_alloc
                0x0000000000004898        0xc modules/hal_nordic/modules/hal_nordic/nrfx/libmodules__hal_nordic__nrfx.a(nrfx_gppi_dppi.c.obj)
                0x0000000000004898                nrfx_gppi_channel_alloc
 .text.clock_stop
                0x00000000000048a4       0xf4 modules/hal_nordic/modules/hal_nordic/nrfx/libmodules__hal_nordic__nrfx.a(nrfx_clock.c.obj)
 .text.nrfx_clock_init
                0x0000000000004998       0x20 modules/hal_nordic/modules/hal_nordic/nrfx/libmodules__hal_nordic__nrfx.a(nrfx_clock.c.obj)
                0x0000000000004998                nrfx_clock_init
 .text.nrfx_clock_enable
                0x00000000000049b8       0x30 modules/hal_nordic/modules/hal_nordic/nrfx/libmodules__hal_nordic__nrfx.a(nrfx_clock.c.obj)
                0x00000000000049b8                nrfx_clock_enable
 .text.nrfx_clock_start
                0x00000000000049e8       0xd0 modules/hal_nordic/modules/hal_nordic/nrfx/libmodules__hal_nordic__nrfx.a(nrfx_clock.c.obj)
                0x00000000000049e8                nrfx_clock_start
 .text.nrfx_power_clock_irq_handler
                0x0000000000004ab8       0x70 modules/hal_nordic/modules/hal_nordic/nrfx/libmodules__hal_nordic__nrfx.a(nrfx_clock.c.obj)
                0x0000000000004ab8                nrfx_power_clock_irq_handler
 .text.nrfx_dppi_channel_alloc
                0x0000000000004b28       0x10 modules/hal_nordic/modules/hal_nordic/nrfx/libmodules__hal_nordic__nrfx.a(nrfx_dppi.c.obj)
                0x0000000000004b28                nrfx_dppi_channel_alloc
 .text.nrf_gpio_pin_port_decode
                0x0000000000004b38       0x24 modules/hal_nordic/modules/hal_nordic/nrfx/libmodules__hal_nordic__nrfx.a(nrfx_gpiote.c.obj)
 .text.get_pin_idx
                0x0000000000004b5c       0x14 modules/hal_nordic/modules/hal_nordic/nrfx/libmodules__hal_nordic__nrfx.a(nrfx_gpiote.c.obj)
 .text.call_handler.constprop.0
                0x0000000000004b70       0x40 modules/hal_nordic/modules/hal_nordic/nrfx/libmodules__hal_nordic__nrfx.a(nrfx_gpiote.c.obj)
 .text.pin_te_get.constprop.0
                0x0000000000004bb0       0x18 modules/hal_nordic/modules/hal_nordic/nrfx/libmodules__hal_nordic__nrfx.a(nrfx_gpiote.c.obj)
 .text.pin_is_output.constprop.0
                0x0000000000004bc8       0x18 modules/hal_nordic/modules/hal_nordic/nrfx/libmodules__hal_nordic__nrfx.a(nrfx_gpiote.c.obj)
 .text.pin_in_use_by_te.constprop.0
                0x0000000000004be0       0x18 modules/hal_nordic/modules/hal_nordic/nrfx/libmodules__hal_nordic__nrfx.a(nrfx_gpiote.c.obj)
 .text.latch_pending_read_and_check
                0x0000000000004bf8       0x3c modules/hal_nordic/modules/hal_nordic/nrfx/libmodules__hal_nordic__nrfx.a(nrfx_gpiote.c.obj)
 .text.release_handler.isra.0
                0x0000000000004c34       0x58 modules/hal_nordic/modules/hal_nordic/nrfx/libmodules__hal_nordic__nrfx.a(nrfx_gpiote.c.obj)
 .text.__nrfy_internal_gpiote_events_process.constprop.0
                0x0000000000004c8c       0x5c modules/hal_nordic/modules/hal_nordic/nrfx/libmodules__hal_nordic__nrfx.a(nrfx_gpiote.c.obj)
 .text.pin_uninit
                0x0000000000004ce8       0x84 modules/hal_nordic/modules/hal_nordic/nrfx/libmodules__hal_nordic__nrfx.a(nrfx_gpiote.c.obj)
 .text.nrfx_gpiote_input_configure
                0x0000000000004d6c      0x178 modules/hal_nordic/modules/hal_nordic/nrfx/libmodules__hal_nordic__nrfx.a(nrfx_gpiote.c.obj)
                0x0000000000004d6c                nrfx_gpiote_input_configure
 .text.nrfx_gpiote_output_configure
                0x0000000000004ee4      0x104 modules/hal_nordic/modules/hal_nordic/nrfx/libmodules__hal_nordic__nrfx.a(nrfx_gpiote.c.obj)
                0x0000000000004ee4                nrfx_gpiote_output_configure
 .text.nrfx_gpiote_global_callback_set
                0x0000000000004fe8        0xc modules/hal_nordic/modules/hal_nordic/nrfx/libmodules__hal_nordic__nrfx.a(nrfx_gpiote.c.obj)
                0x0000000000004fe8                nrfx_gpiote_global_callback_set
 .text.nrfx_gpiote_channel_get
                0x0000000000004ff4       0x34 modules/hal_nordic/modules/hal_nordic/nrfx/libmodules__hal_nordic__nrfx.a(nrfx_gpiote.c.obj)
                0x0000000000004ff4                nrfx_gpiote_channel_get
 .text.nrfx_gpiote_init
                0x0000000000005028       0x64 modules/hal_nordic/modules/hal_nordic/nrfx/libmodules__hal_nordic__nrfx.a(nrfx_gpiote.c.obj)
                0x0000000000005028                nrfx_gpiote_init
 .text.nrfx_gpiote_init_check
                0x000000000000508c       0x14 modules/hal_nordic/modules/hal_nordic/nrfx/libmodules__hal_nordic__nrfx.a(nrfx_gpiote.c.obj)
                0x000000000000508c                nrfx_gpiote_init_check
 .text.nrfx_gpiote_channel_free
                0x00000000000050a0        0xc modules/hal_nordic/modules/hal_nordic/nrfx/libmodules__hal_nordic__nrfx.a(nrfx_gpiote.c.obj)
                0x00000000000050a0                nrfx_gpiote_channel_free
 .text.nrfx_gpiote_channel_alloc
                0x00000000000050ac        0xc modules/hal_nordic/modules/hal_nordic/nrfx/libmodules__hal_nordic__nrfx.a(nrfx_gpiote.c.obj)
                0x00000000000050ac                nrfx_gpiote_channel_alloc
 .text.nrfx_gpiote_trigger_enable
                0x00000000000050b8       0xac modules/hal_nordic/modules/hal_nordic/nrfx/libmodules__hal_nordic__nrfx.a(nrfx_gpiote.c.obj)
                0x00000000000050b8                nrfx_gpiote_trigger_enable
 .text.nrfx_gpiote_0_irq_handler
                0x0000000000005164      0x1b8 modules/hal_nordic/modules/hal_nordic/nrfx/libmodules__hal_nordic__nrfx.a(nrfx_gpiote.c.obj)
                0x0000000000005164                nrfx_gpiote_0_irq_handler
 .text.nvmc_readonly_mode_set
                0x000000000000531c       0x14 modules/hal_nordic/modules/hal_nordic/nrfx/libmodules__hal_nordic__nrfx.a(nrfx_nvmc.c.obj)
 .text.nvmc_word_write
                0x0000000000005330       0x18 modules/hal_nordic/modules/hal_nordic/nrfx/libmodules__hal_nordic__nrfx.a(nrfx_nvmc.c.obj)
 .text.nrfx_nvmc_page_erase
                0x0000000000005348       0x3c modules/hal_nordic/modules/hal_nordic/nrfx/libmodules__hal_nordic__nrfx.a(nrfx_nvmc.c.obj)
                0x0000000000005348                nrfx_nvmc_page_erase
 .text.nrfx_nvmc_word_write
                0x0000000000005384       0x20 modules/hal_nordic/modules/hal_nordic/nrfx/libmodules__hal_nordic__nrfx.a(nrfx_nvmc.c.obj)
                0x0000000000005384                nrfx_nvmc_word_write
 .text.nrf_gpio_pin_port_decode
                0x00000000000053a4       0x24 modules/hal_nordic/modules/hal_nordic/nrfx/libmodules__hal_nordic__nrfx.a(nrfx_spim.c.obj)
 .text.spim_configuration_verify
                0x00000000000053c8       0xd4 modules/hal_nordic/modules/hal_nordic/nrfx/libmodules__hal_nordic__nrfx.a(nrfx_spim.c.obj)
 .text.pin_init
                0x000000000000549c       0x50 modules/hal_nordic/modules/hal_nordic/nrfx/libmodules__hal_nordic__nrfx.a(nrfx_spim.c.obj)
 .text.spim_configure
                0x00000000000054ec      0x22c modules/hal_nordic/modules/hal_nordic/nrfx/libmodules__hal_nordic__nrfx.a(nrfx_spim.c.obj)
 .text.spim_pin_uninit
                0x0000000000005718       0x30 modules/hal_nordic/modules/hal_nordic/nrfx/libmodules__hal_nordic__nrfx.a(nrfx_spim.c.obj)
 .text.nrfx_spim_init
                0x0000000000005748       0x6c modules/hal_nordic/modules/hal_nordic/nrfx/libmodules__hal_nordic__nrfx.a(nrfx_spim.c.obj)
                0x0000000000005748                nrfx_spim_init
 .text.nrfx_spim_uninit
                0x00000000000057b4       0x8c modules/hal_nordic/modules/hal_nordic/nrfx/libmodules__hal_nordic__nrfx.a(nrfx_spim.c.obj)
                0x00000000000057b4                nrfx_spim_uninit
 .text.nrfx_spim_xfer
                0x0000000000005840      0x168 modules/hal_nordic/modules/hal_nordic/nrfx/libmodules__hal_nordic__nrfx.a(nrfx_spim.c.obj)
                0x0000000000005840                nrfx_spim_xfer
 .text.nrfx_spim_4_irq_handler
                0x00000000000059a8       0x54 modules/hal_nordic/modules/hal_nordic/nrfx/libmodules__hal_nordic__nrfx.a(nrfx_spim.c.obj)
                0x00000000000059a8                nrfx_spim_4_irq_handler
 .text.z_fatal_error
                0x00000000000059fc       0x30 zephyr/kernel/libkernel.a(fatal.c.obj)
                0x00000000000059fc                z_fatal_error
 .text.z_sys_init_run_level
                0x0000000000005a2c       0x2c zephyr/kernel/libkernel.a(init.c.obj)
 .text.bg_thread_main
                0x0000000000005a58       0xc4 zephyr/kernel/libkernel.a(init.c.obj)
 .text.z_bss_zero
                0x0000000000005b1c       0x18 zephyr/kernel/libkernel.a(init.c.obj)
                0x0000000000005b1c                z_bss_zero
 .text.z_init_cpu
                0x0000000000005b34       0x68 zephyr/kernel/libkernel.a(init.c.obj)
                0x0000000000005b34                z_init_cpu
 .text.z_cstart
                0x0000000000005b9c       0xdc zephyr/kernel/libkernel.a(init.c.obj)
                0x0000000000005b9c                z_cstart
 .text.init_mem_slab_obj_core_list
                0x0000000000005c78       0x24 zephyr/kernel/libkernel.a(mem_slab.c.obj)
 .text.k_mem_slab_alloc
                0x0000000000005c9c       0x5c zephyr/kernel/libkernel.a(mem_slab.c.obj)
                0x0000000000005c9c                k_mem_slab_alloc
 .text.z_impl_k_mutex_lock
                0x0000000000005cf8       0xf0 zephyr/kernel/libkernel.a(mutex.c.obj)
                0x0000000000005cf8                z_impl_k_mutex_lock
 .text.z_impl_k_mutex_unlock
                0x0000000000005de8       0xa0 zephyr/kernel/libkernel.a(mutex.c.obj)
                0x0000000000005de8                z_impl_k_mutex_unlock
 .text.z_impl_k_sem_give
                0x0000000000005e88       0x68 zephyr/kernel/libkernel.a(sem.c.obj)
                0x0000000000005e88                z_impl_k_sem_give
 .text.z_impl_k_sem_take
                0x0000000000005ef0       0x4c zephyr/kernel/libkernel.a(sem.c.obj)
                0x0000000000005ef0                z_impl_k_sem_take
 .text.z_impl_k_sem_reset
                0x0000000000005f3c       0x60 zephyr/kernel/libkernel.a(sem.c.obj)
                0x0000000000005f3c                z_impl_k_sem_reset
 .text.z_setup_new_thread
                0x0000000000005f9c       0x60 zephyr/kernel/libkernel.a(thread.c.obj)
                0x0000000000005f9c                z_setup_new_thread
 .text.z_swap_irqlock
                0x0000000000005ffc       0x30 zephyr/kernel/libkernel.a(sched.c.obj)
 .text.ready_thread
                0x000000000000602c       0x90 zephyr/kernel/libkernel.a(sched.c.obj)
 .text.unready_thread
                0x00000000000060bc       0x54 zephyr/kernel/libkernel.a(sched.c.obj)
 .text.move_thread_to_end_of_prio_q
                0x0000000000006110       0x90 zephyr/kernel/libkernel.a(sched.c.obj)
                0x0000000000006110                move_thread_to_end_of_prio_q
 .text.z_pend_curr
                0x00000000000061a0       0x58 zephyr/kernel/libkernel.a(sched.c.obj)
                0x00000000000061a0                z_pend_curr
 .text.z_thread_prio_set
                0x00000000000061f8       0x9c zephyr/kernel/libkernel.a(sched.c.obj)
                0x00000000000061f8                z_thread_prio_set
 .text.z_reschedule
                0x0000000000006294       0x24 zephyr/kernel/libkernel.a(sched.c.obj)
                0x0000000000006294                z_reschedule
 .text.z_reschedule_irqlock
                0x00000000000062b8       0x28 zephyr/kernel/libkernel.a(sched.c.obj)
                0x00000000000062b8                z_reschedule_irqlock
 .text.k_sched_lock
                0x00000000000062e0       0x28 zephyr/kernel/libkernel.a(sched.c.obj)
                0x00000000000062e0                k_sched_lock
 .text.k_sched_unlock
                0x0000000000006308       0x68 zephyr/kernel/libkernel.a(sched.c.obj)
                0x0000000000006308                k_sched_unlock
 .text.z_sched_init
                0x0000000000006370       0x10 zephyr/kernel/libkernel.a(sched.c.obj)
                0x0000000000006370                z_sched_init
 .text.z_impl_k_yield
                0x0000000000006380       0x88 zephyr/kernel/libkernel.a(sched.c.obj)
                0x0000000000006380                z_impl_k_yield
 .text.z_tick_sleep
                0x0000000000006408       0x80 zephyr/kernel/libkernel.a(sched.c.obj)
 .text.z_impl_k_wakeup
                0x0000000000006488       0x4c zephyr/kernel/libkernel.a(sched.c.obj)
                0x0000000000006488                z_impl_k_wakeup
 .text.z_impl_k_sched_current_thread_query
                0x00000000000064d4        0xc zephyr/kernel/libkernel.a(sched.c.obj)
                0x00000000000064d4                z_impl_k_sched_current_thread_query
 .text.z_thread_abort
                0x00000000000064e0      0x110 zephyr/kernel/libkernel.a(sched.c.obj)
                0x00000000000064e0                z_thread_abort
 .text.slice_timeout
                0x00000000000065f0       0x20 zephyr/kernel/libkernel.a(timeslicing.c.obj)
 .text.thread_is_sliceable
                0x0000000000006610       0x3c zephyr/kernel/libkernel.a(timeslicing.c.obj)
                0x0000000000006610                thread_is_sliceable
 .text.z_reset_time_slice
                0x000000000000664c       0x50 zephyr/kernel/libkernel.a(timeslicing.c.obj)
                0x000000000000664c                z_reset_time_slice
 .text.z_time_slice
                0x000000000000669c       0x60 zephyr/kernel/libkernel.a(timeslicing.c.obj)
                0x000000000000669c                z_time_slice
 .text.z_data_copy
                0x00000000000066fc       0x38 zephyr/kernel/libkernel.a(xip.c.obj)
                0x00000000000066fc                z_data_copy
 .text.first    0x0000000000006734       0x10 zephyr/kernel/libkernel.a(timeout.c.obj)
 .text.elapsed  0x0000000000006744       0x14 zephyr/kernel/libkernel.a(timeout.c.obj)
 .text.remove_timeout
                0x0000000000006758       0x38 zephyr/kernel/libkernel.a(timeout.c.obj)
 .text.z_add_timeout
                0x0000000000006790       0xec zephyr/kernel/libkernel.a(timeout.c.obj)
                0x0000000000006790                z_add_timeout
 .text.sys_clock_announce
                0x000000000000687c       0xbc zephyr/kernel/libkernel.a(timeout.c.obj)
                0x000000000000687c                sys_clock_announce
 .text.sys_clock_tick_get
                0x0000000000006938       0x30 zephyr/kernel/libkernel.a(timeout.c.obj)
                0x0000000000006938                sys_clock_tick_get
 .text.z_timer_expiration_handler
                0x0000000000006968       0xe0 zephyr/kernel/libkernel.a(timer.c.obj)
                0x0000000000006968                z_timer_expiration_handler
 .text.z_impl_k_timer_start
                0x0000000000006a48       0x74 zephyr/kernel/libkernel.a(timer.c.obj)
                0x0000000000006a48                z_impl_k_timer_start
 .text.nrf_cc3xx_platform_init_no_rng
                0x0000000000006abc       0x38 /opt/nordic/ncs/v3.0.2/nrfxlib/crypto/nrf_cc312_platform/lib/cortex-m33/soft-float/no-interrupts/libnrf_cc312_platform_0.9.19.a(nrf_cc3xx_platform.c.obj)
                0x0000000000006abc                nrf_cc3xx_platform_init_no_rng
 .text.nrf_cc3xx_platform_abort
                0x0000000000006af4       0x24 /opt/nordic/ncs/v3.0.2/nrfxlib/crypto/nrf_cc312_platform/lib/cortex-m33/soft-float/no-interrupts/libnrf_cc312_platform_0.9.19.a(nrf_cc3xx_platform_abort.c.obj)
 .text.CC_PalAbort
                0x0000000000006b18       0x44 /opt/nordic/ncs/v3.0.2/nrfxlib/crypto/nrf_cc312_platform/lib/cortex-m33/soft-float/no-interrupts/libnrf_cc312_platform_0.9.19.a(nrf_cc3xx_platform_abort.c.obj)
                0x0000000000006b18                CC_PalAbort
 .text.nrf_cc3xx_platform_set_abort
                0x0000000000006b5c       0x10 /opt/nordic/ncs/v3.0.2/nrfxlib/crypto/nrf_cc312_platform/lib/cortex-m33/soft-float/no-interrupts/libnrf_cc312_platform_0.9.19.a(nrf_cc3xx_platform_abort.c.obj)
                0x0000000000006b5c                nrf_cc3xx_platform_set_abort
 .text.mutex_free
                0x0000000000006b6c       0x34 /opt/nordic/ncs/v3.0.2/nrfxlib/crypto/nrf_cc312_platform/lib/cortex-m33/soft-float/no-interrupts/libnrf_cc312_platform_0.9.19.a(nrf_cc3xx_platform_mutex.c.obj)
 .text.mutex_lock
                0x0000000000006ba0       0x48 /opt/nordic/ncs/v3.0.2/nrfxlib/crypto/nrf_cc312_platform/lib/cortex-m33/soft-float/no-interrupts/libnrf_cc312_platform_0.9.19.a(nrf_cc3xx_platform_mutex.c.obj)
 .text.mutex_unlock
                0x0000000000006be8       0x38 /opt/nordic/ncs/v3.0.2/nrfxlib/crypto/nrf_cc312_platform/lib/cortex-m33/soft-float/no-interrupts/libnrf_cc312_platform_0.9.19.a(nrf_cc3xx_platform_mutex.c.obj)
 .text.mutex_init
                0x0000000000006c20       0x20 /opt/nordic/ncs/v3.0.2/nrfxlib/crypto/nrf_cc312_platform/lib/cortex-m33/soft-float/no-interrupts/libnrf_cc312_platform_0.9.19.a(nrf_cc3xx_platform_mutex.c.obj)
 .text.nrf_cc3xx_platform_set_mutexes
                0x0000000000006c40       0x78 /opt/nordic/ncs/v3.0.2/nrfxlib/crypto/nrf_cc312_platform/lib/cortex-m33/soft-float/no-interrupts/libnrf_cc312_platform_0.9.19.a(nrf_cc3xx_platform_mutex.c.obj)
                0x0000000000006c40                nrf_cc3xx_platform_set_mutexes
 .text.CC_LibInitNoRng
                0x0000000000006cb8       0x28 /opt/nordic/ncs/v3.0.2/nrfxlib/crypto/nrf_cc312_platform/lib/cortex-m33/soft-float/no-interrupts/libnrf_cc312_platform_0.9.19.a(cc_lib.c.obj)
                0x0000000000006cb8                CC_LibInitNoRng
 .text.CC_HalInit
                0x0000000000006ce0        0x4 /opt/nordic/ncs/v3.0.2/nrfxlib/crypto/nrf_cc312_platform/lib/cortex-m33/soft-float/no-interrupts/libnrf_cc312_platform_0.9.19.a(cc_hal.c.obj)
                0x0000000000006ce0                CC_HalInit
 .text.CC_PalInit
                0x0000000000006ce4       0x5c /opt/nordic/ncs/v3.0.2/nrfxlib/crypto/nrf_cc312_platform/lib/cortex-m33/soft-float/no-interrupts/libnrf_cc312_platform_0.9.19.a(cc_pal.c.obj)
                0x0000000000006ce4                CC_PalInit
 .text.CC_PalTerminate
                0x0000000000006d40       0x34 /opt/nordic/ncs/v3.0.2/nrfxlib/crypto/nrf_cc312_platform/lib/cortex-m33/soft-float/no-interrupts/libnrf_cc312_platform_0.9.19.a(cc_pal.c.obj)
                0x0000000000006d40                CC_PalTerminate
 .text.CC_PalDmaInit
                0x0000000000006d74        0x4 /opt/nordic/ncs/v3.0.2/nrfxlib/crypto/nrf_cc312_platform/lib/cortex-m33/soft-float/no-interrupts/libnrf_cc312_platform_0.9.19.a(cc_pal_dma.c.obj)
                0x0000000000006d74                CC_PalDmaInit
 .text.CC_PalDmaTerminate
                0x0000000000006d78        0x4 /opt/nordic/ncs/v3.0.2/nrfxlib/crypto/nrf_cc312_platform/lib/cortex-m33/soft-float/no-interrupts/libnrf_cc312_platform_0.9.19.a(cc_pal_dma.c.obj)
                0x0000000000006d78                CC_PalDmaTerminate
 .text.CC_PalMutexCreate
                0x0000000000006d7c       0x14 /opt/nordic/ncs/v3.0.2/nrfxlib/crypto/nrf_cc312_platform/lib/cortex-m33/soft-float/no-interrupts/libnrf_cc312_platform_0.9.19.a(cc_pal_mutex.c.obj)
                0x0000000000006d7c                CC_PalMutexCreate
 .text.CC_PalMutexDestroy
                0x0000000000006d90       0x14 /opt/nordic/ncs/v3.0.2/nrfxlib/crypto/nrf_cc312_platform/lib/cortex-m33/soft-float/no-interrupts/libnrf_cc312_platform_0.9.19.a(cc_pal_mutex.c.obj)
                0x0000000000006d90                CC_PalMutexDestroy
 .text.CC_PalPowerSaveModeInit
                0x0000000000006da4       0x3c /opt/nordic/ncs/v3.0.2/nrfxlib/crypto/nrf_cc312_platform/lib/cortex-m33/soft-float/no-interrupts/libnrf_cc312_platform_0.9.19.a(cc_pal_pm.c.obj)
                0x0000000000006da4                CC_PalPowerSaveModeInit
 .text._OffsetAbsSyms
                0x0000000000006de0        0x2 zephyr/CMakeFiles/offsets.dir/./arch/arm/core/offsets/offsets.c.obj
                0x0000000000006de0                _OffsetAbsSyms
 .text.gpio_pin_set.isra.0
                0x0000000000006de2       0x20 app/libapp.a(io.c.obj)
 .text.flash_area_get_device_id
                0x0000000000006e02        0x4 app/libapp.a(flash_map_extended.c.obj)
                0x0000000000006e02                flash_area_get_device_id
 .text.os_heap_init
                0x0000000000006e06        0x2 app/libapp.a(os.c.obj)
                0x0000000000006e06                os_heap_init
 .text.bootutil_tlv_iter_begin
                0x0000000000006e08       0x9c app/libapp.a(tlv.c.obj)
                0x0000000000006e08                bootutil_tlv_iter_begin
 .text.bootutil_tlv_iter_next
                0x0000000000006ea4       0x98 app/libapp.a(tlv.c.obj)
                0x0000000000006ea4                bootutil_tlv_iter_next
 .text.bootutil_tlv_iter_is_prot
                0x0000000000006f3c       0x1c app/libapp.a(tlv.c.obj)
                0x0000000000006f3c                bootutil_tlv_iter_is_prot
 .text.bootutil_read_bigint
                0x0000000000006f58       0x58 app/libapp.a(image_ecdsa.c.obj)
 .text.boot_fih_memequal
                0x0000000000006fb0        0x4 app/libapp.a(bootutil_misc.c.obj)
                0x0000000000006fb0                boot_fih_memequal
 .text.boot_trailer_sz
                0x0000000000006fb4        0xa app/libapp.a(bootutil_misc.c.obj)
                0x0000000000006fb4                boot_trailer_sz
 .text.bootutil_max_image_size
                0x0000000000006fbe        0x6 app/libapp.a(bootutil_misc.c.obj)
                0x0000000000006fbe                bootutil_max_image_size
 .text.boot_read_image_size
                0x0000000000006fc4       0xb0 app/libapp.a(bootutil_misc.c.obj)
                0x0000000000006fc4                boot_read_image_size
 .text.boot_read_image_headers.constprop.0
                0x0000000000007074       0x52 app/libapp.a(loader.c.obj)
 .text.boot_status_reset
                0x00000000000070c6       0x12 app/libapp.a(loader.c.obj)
                0x00000000000070c6                boot_status_reset
 .text.boot_status_is_reset
                0x00000000000070d8       0x1a app/libapp.a(loader.c.obj)
                0x00000000000070d8                boot_status_is_reset
 .text.boot_read_image_header
                0x00000000000070f2       0x24 app/libapp.a(swap_scratch.c.obj)
                0x00000000000070f2                boot_read_image_header
 .text.mbedtls_asn1_get_len
                0x0000000000007116       0x98 app/libapp.a(asn1parse.c.obj)
                0x0000000000007116                mbedtls_asn1_get_len
 .text.mbedtls_asn1_get_tag
                0x00000000000071ae       0x28 app/libapp.a(asn1parse.c.obj)
                0x00000000000071ae                mbedtls_asn1_get_tag
 .text.mbedtls_asn1_get_bitstring_null
                0x00000000000071d6       0x28 app/libapp.a(asn1parse.c.obj)
                0x00000000000071d6                mbedtls_asn1_get_bitstring_null
 .text.mbedtls_asn1_get_alg
                0x00000000000071fe       0x94 app/libapp.a(asn1parse.c.obj)
                0x00000000000071fe                mbedtls_asn1_get_alg
 .text.uECC_vli_add
                0x0000000000007292       0x34 app/libapp.a(ecc.c.obj)
 .text.uECC_vli_rshift1
                0x00000000000072c6       0x1a app/libapp.a(ecc.c.obj)
 .text.vli_modInv_update
                0x00000000000072e0       0x40 app/libapp.a(ecc.c.obj)
 .text.uECC_vli_mult
                0x0000000000007320       0xd0 app/libapp.a(ecc.c.obj)
 .text.uECC_vli_clear
                0x00000000000073f0       0x16 app/libapp.a(ecc.c.obj)
                0x00000000000073f0                uECC_vli_clear
 .text.uECC_vli_isZero
                0x0000000000007406       0x1e app/libapp.a(ecc.c.obj)
                0x0000000000007406                uECC_vli_isZero
 .text.uECC_vli_testBit
                0x0000000000007424       0x12 app/libapp.a(ecc.c.obj)
                0x0000000000007424                uECC_vli_testBit
 .text.uECC_vli_numBits
                0x0000000000007436       0x40 app/libapp.a(ecc.c.obj)
                0x0000000000007436                uECC_vli_numBits
 .text.uECC_vli_set
                0x0000000000007476       0x18 app/libapp.a(ecc.c.obj)
                0x0000000000007476                uECC_vli_set
 .text.uECC_vli_cmp_unsafe
                0x000000000000748e       0x2a app/libapp.a(ecc.c.obj)
                0x000000000000748e                uECC_vli_cmp_unsafe
 .text.uECC_vli_equal
                0x00000000000074b8       0x24 app/libapp.a(ecc.c.obj)
                0x00000000000074b8                uECC_vli_equal
 .text.uECC_vli_sub
                0x00000000000074dc       0x36 app/libapp.a(ecc.c.obj)
                0x00000000000074dc                uECC_vli_sub
 .text.uECC_vli_modAdd
                0x0000000000007512       0x32 app/libapp.a(ecc.c.obj)
                0x0000000000007512                uECC_vli_modAdd
 .text.uECC_vli_modSub
                0x0000000000007544       0x24 app/libapp.a(ecc.c.obj)
                0x0000000000007544                uECC_vli_modSub
 .text.uECC_vli_mmod
                0x0000000000007568      0x136 app/libapp.a(ecc.c.obj)
                0x0000000000007568                uECC_vli_mmod
 .text.uECC_vli_modMult
                0x000000000000769e       0x20 app/libapp.a(ecc.c.obj)
                0x000000000000769e                uECC_vli_modMult
 .text.uECC_vli_modMult_fast
                0x00000000000076be       0x20 app/libapp.a(ecc.c.obj)
                0x00000000000076be                uECC_vli_modMult_fast
 .text.uECC_vli_modSquare_fast
                0x00000000000076de        0x8 app/libapp.a(ecc.c.obj)
 .text.double_jacobian_default
                0x00000000000076e6      0x152 app/libapp.a(ecc.c.obj)
                0x00000000000076e6                double_jacobian_default
 .text.x_side_default
                0x0000000000007838       0x5e app/libapp.a(ecc.c.obj)
                0x0000000000007838                x_side_default
 .text.uECC_vli_modInv
                0x0000000000007896      0x108 app/libapp.a(ecc.c.obj)
                0x0000000000007896                uECC_vli_modInv
 .text.apply_z  0x000000000000799e       0x3e app/libapp.a(ecc.c.obj)
                0x000000000000799e                apply_z
 .text.XYcZ_add
                0x00000000000079dc       0xce app/libapp.a(ecc.c.obj)
                0x00000000000079dc                XYcZ_add
 .text.uECC_vli_bytesToNative
                0x0000000000007aaa       0x3c app/libapp.a(ecc.c.obj)
                0x0000000000007aaa                uECC_vli_bytesToNative
 .text.bits2int
                0x0000000000007ae6       0x90 app/libapp.a(ecc_dsa.c.obj)
 .text.uECC_verify
                0x0000000000007b76      0x2c6 app/libapp.a(ecc_dsa.c.obj)
                0x0000000000007b76                uECC_verify
 .text.tc_sha256_update
                0x0000000000007e3c       0x4c app/libapp.a(sha256.c.obj)
                0x0000000000007e3c                tc_sha256_update
 .text.tc_sha256_final
                0x0000000000007e88       0xba app/libapp.a(sha256.c.obj)
                0x0000000000007e88                tc_sha256_final
 .text._set     0x0000000000007f42        0x4 app/libapp.a(utils.c.obj)
                0x0000000000007f42                _set
 .text.arch_printk_char_out
                0x0000000000007f46        0x4 zephyr/libzephyr.a(printk.c.obj)
                0x0000000000007f46                arch_printk_char_out
 .text.printk   0x0000000000007f4a       0x1a zephyr/libzephyr.a(printk.c.obj)
                0x0000000000007f4a                printk
 .text.z_thread_entry
                0x0000000000007f64       0x14 zephyr/libzephyr.a(thread_entry.c.obj)
                0x0000000000007f64                z_thread_entry
 .text.process_recheck
                0x0000000000007f78       0x38 zephyr/libzephyr.a(onoff.c.obj)
 .text.validate_args
                0x0000000000007fb0       0x20 zephyr/libzephyr.a(onoff.c.obj)
 .text.notify_one
                0x0000000000007fd0       0x2c zephyr/libzephyr.a(onoff.c.obj)
 .text.transition_complete
                0x0000000000007ffc       0x1a zephyr/libzephyr.a(onoff.c.obj)
 .text.onoff_manager_init
                0x0000000000008016       0x26 zephyr/libzephyr.a(onoff.c.obj)
                0x0000000000008016                onoff_manager_init
 .text.onoff_request
                0x000000000000803c       0xae zephyr/libzephyr.a(onoff.c.obj)
                0x000000000000803c                onoff_request
 .text.sys_notify_validate
                0x00000000000080ea       0x22 zephyr/libzephyr.a(notify.c.obj)
                0x00000000000080ea                sys_notify_validate
 .text.sys_notify_finalize
                0x000000000000810c       0x1a zephyr/libzephyr.a(notify.c.obj)
                0x000000000000810c                sys_notify_finalize
 .text._ConfigAbsSyms
                0x0000000000008126        0x2 zephyr/libzephyr.a(configs.c.obj)
                0x0000000000008126                _ConfigAbsSyms
 .text.z_log_minimal_printk
                0x0000000000008128       0x1a zephyr/libzephyr.a(log_minimal.c.obj)
                0x0000000000008128                z_log_minimal_printk
 .text.flash_area_close
                0x0000000000008142        0x2 zephyr/libzephyr.a(flash_map.c.obj)
                0x0000000000008142                flash_area_close
 .text.flash_area_read
                0x0000000000008144       0x2a zephyr/libzephyr.a(flash_map.c.obj)
                0x0000000000008144                flash_area_read
 .text.flash_area_write
                0x000000000000816e       0x2a zephyr/libzephyr.a(flash_map.c.obj)
                0x000000000000816e                flash_area_write
 .text.flash_area_erase
                0x0000000000008198       0x30 zephyr/libzephyr.a(flash_map.c.obj)
                0x0000000000008198                flash_area_erase
 .text.flash_area_align
                0x00000000000081c8        0xe zephyr/libzephyr.a(flash_map.c.obj)
                0x00000000000081c8                flash_area_align
 .text.flash_area_erased_val
                0x00000000000081d6        0xe zephyr/libzephyr.a(flash_map.c.obj)
                0x00000000000081d6                flash_area_erased_val
 .text.get_sectors_cb
                0x00000000000081e4       0x44 zephyr/libzephyr.a(flash_map_layout.c.obj)
 .text.flash_area_get_sectors
                0x0000000000008228       0x32 zephyr/libzephyr.a(flash_map_layout.c.obj)
                0x0000000000008228                flash_area_get_sectors
 .text.abort_function
                0x000000000000825a        0x2 zephyr/libzephyr.a(nrf_cc3xx_platform_abort_zephyr.c.obj)
 .text.z_arm_fatal_error
                0x000000000000825c        0xc zephyr/arch/arch/arm/core/libarch__arm__core.a(fatal.c.obj)
                0x000000000000825c                z_arm_fatal_error
 .text.z_do_kernel_oops
                0x0000000000008268        0x8 zephyr/arch/arch/arm/core/libarch__arm__core.a(fatal.c.obj)
                0x0000000000008268                z_do_kernel_oops
 .text.z_arm_nmi
                0x0000000000008270        0xe zephyr/arch/arch/arm/core/libarch__arm__core.a(nmi.c.obj)
                0x0000000000008270                z_arm_nmi
 .text.z_irq_spurious
                0x000000000000827e        0x8 zephyr/arch/arch/arm/core/cortex_m/libarch__arm__core__cortex_m.a(irq_manage.c.obj)
                0x000000000000827e                z_irq_spurious
 .text.configure_builtin_stack_guard
                0x0000000000008286        0x8 zephyr/arch/arch/arm/core/cortex_m/libarch__arm__core__cortex_m.a(thread.c.obj)
                0x0000000000008286                configure_builtin_stack_guard
 .text.arch_irq_unlock_outlined
                0x000000000000828e        0xe zephyr/arch/arch/arm/core/cortex_m/libarch__arm__core__cortex_m.a(thread.c.obj)
                0x000000000000828e                arch_irq_unlock_outlined
 .text.arch_cpu_idle
                0x000000000000829c       0x32 zephyr/arch/arch/arm/core/cortex_m/libarch__arm__core__cortex_m.a(cpu_idle.c.obj)
                0x000000000000829c                arch_cpu_idle
 .text.arch_cpu_atomic_idle
                0x00000000000082ce       0x38 zephyr/arch/arch/arm/core/cortex_m/libarch__arm__core__cortex_m.a(cpu_idle.c.obj)
                0x00000000000082ce                arch_cpu_atomic_idle
 .text.arm_cmse_mpu_region_get
                0x0000000000008306       0x12 zephyr/arch/arch/arm/core/cortex_m/cmse/libarch__arm__core__cortex_m__cmse.a(arm_core_cmse.c.obj)
                0x0000000000008306                arm_cmse_mpu_region_get
 .text.mpu_configure_region
                0x0000000000008318       0x32 zephyr/arch/arch/arm/core/mpu/libarch__arm__core__mpu.a(arm_mpu.c.obj)
 .text.strlen   0x000000000000834a        0xe zephyr/lib/libc/minimal/liblib__libc__minimal.a(string.c.obj)
                0x000000000000834a                strlen
 .text.memcmp   0x0000000000008358       0x20 zephyr/lib/libc/minimal/liblib__libc__minimal.a(string.c.obj)
                0x0000000000008358                memcmp
 .text.memcpy   0x0000000000008378       0x16 zephyr/lib/libc/minimal/liblib__libc__minimal.a(string.c.obj)
                0x0000000000008378                memcpy
 .text.memset   0x000000000000838e       0x12 zephyr/lib/libc/minimal/liblib__libc__minimal.a(string.c.obj)
                0x000000000000838e                memset
 .text._stdout_hook_default
                0x00000000000083a0        0x6 zephyr/lib/libc/minimal/liblib__libc__minimal.a(stdout_console.c.obj)
 .text.onoff_stop
                0x00000000000083a6       0x10 zephyr/soc/soc/nrf5340/libsoc__nordic.a(nrf53_cpunet_mgmt.c.obj)
 .text.get_status
                0x00000000000083b6       0x12 zephyr/drivers/clock_control/libdrivers__clock_control.a(clock_control_nrf.c.obj)
 .text.stop     0x00000000000083c8       0x50 zephyr/drivers/clock_control/libdrivers__clock_control.a(clock_control_nrf.c.obj)
 .text.api_stop
                0x0000000000008418        0x6 zephyr/drivers/clock_control/libdrivers__clock_control.a(clock_control_nrf.c.obj)
 .text.async_start
                0x000000000000841e       0x5a zephyr/drivers/clock_control/libdrivers__clock_control.a(clock_control_nrf.c.obj)
 .text.api_start
                0x0000000000008478        0xe zephyr/drivers/clock_control/libdrivers__clock_control.a(clock_control_nrf.c.obj)
 .text.onoff_started_callback
                0x0000000000008486       0x12 zephyr/drivers/clock_control/libdrivers__clock_control.a(clock_control_nrf.c.obj)
 .text.hfclkaudio_start
                0x0000000000008498        0x6 zephyr/drivers/clock_control/libdrivers__clock_control.a(clock_control_nrf.c.obj)
 .text.hfclk192m_start
                0x000000000000849e        0x6 zephyr/drivers/clock_control/libdrivers__clock_control.a(clock_control_nrf.c.obj)
 .text.lfclk_start
                0x00000000000084a4        0x6 zephyr/drivers/clock_control/libdrivers__clock_control.a(clock_control_nrf.c.obj)
 .text.hfclkaudio_stop
                0x00000000000084aa        0x6 zephyr/drivers/clock_control/libdrivers__clock_control.a(clock_control_nrf.c.obj)
 .text.hfclk192m_stop
                0x00000000000084b0        0x6 zephyr/drivers/clock_control/libdrivers__clock_control.a(clock_control_nrf.c.obj)
 .text.lfclk_stop
                0x00000000000084b6        0x6 zephyr/drivers/clock_control/libdrivers__clock_control.a(clock_control_nrf.c.obj)
 .text.blocking_start_callback
                0x00000000000084bc        0x6 zephyr/drivers/clock_control/libdrivers__clock_control.a(clock_control_nrf.c.obj)
 .text.jesd216_bfp_erase
                0x00000000000084c2       0x26 zephyr/drivers/flash/libdrivers__flash.a(jesd216.c.obj)
                0x00000000000084c2                jesd216_bfp_erase
 .text.flash_page_foreach
                0x00000000000084e8       0x58 zephyr/drivers/flash/libdrivers__flash.a(flash_page_layout.c.obj)
                0x00000000000084e8                flash_page_foreach
 .text.flash_nrf_get_size
                0x0000000000008540       0x12 zephyr/drivers/flash/libdrivers__flash.a(soc_flash_nrf.c.obj)
 .text.is_regular_addr_valid
                0x0000000000008552       0x22 zephyr/drivers/flash/libdrivers__flash.a(soc_flash_nrf.c.obj)
 .text.flash_nrf_read
                0x0000000000008574       0x28 zephyr/drivers/flash/libdrivers__flash.a(soc_flash_nrf.c.obj)
 .text.spi_nor_pages_layout
                0x000000000000859c        0xc zephyr/drivers/flash/libdrivers__flash.a(spi_nor.c.obj)
 .text.flash_nor_get_size
                0x00000000000085a8        0xc zephyr/drivers/flash/libdrivers__flash.a(spi_nor.c.obj)
 .text.release_device.isra.0
                0x00000000000085b4        0x4 zephyr/drivers/flash/libdrivers__flash.a(spi_nor.c.obj)
 .text.acquire_device.isra.0
                0x00000000000085b8        0xc zephyr/drivers/flash/libdrivers__flash.a(spi_nor.c.obj)
 .text.spi_nor_access
                0x00000000000085c4       0x8e zephyr/drivers/flash/libdrivers__flash.a(spi_nor.c.obj)
 .text.spi_nor_write_protection_set
                0x0000000000008652       0x3a zephyr/drivers/flash/libdrivers__flash.a(spi_nor.c.obj)
 .text.spi_nor_rdsr
                0x000000000000868c       0x22 zephyr/drivers/flash/libdrivers__flash.a(spi_nor.c.obj)
 .text.spi_nor_wait_until_ready
                0x00000000000086ae       0x3a zephyr/drivers/flash/libdrivers__flash.a(spi_nor.c.obj)
 .text.spi_nor_erase
                0x00000000000086e8      0x116 zephyr/drivers/flash/libdrivers__flash.a(spi_nor.c.obj)
 .text.spi_nor_write
                0x00000000000087fe       0xc0 zephyr/drivers/flash/libdrivers__flash.a(spi_nor.c.obj)
 .text.spi_nor_read
                0x00000000000088be       0x40 zephyr/drivers/flash/libdrivers__flash.a(spi_nor.c.obj)
 .text.exit_dpd
                0x00000000000088fe       0x9e zephyr/drivers/flash/libdrivers__flash.a(spi_nor.c.obj)
 .text.spi_nor_init
                0x000000000000899c      0x2ba zephyr/drivers/flash/libdrivers__flash.a(spi_nor.c.obj)
 .text.flash_sim_get_size
                0x0000000000008c56        0xe zephyr/drivers/flash/libdrivers__flash.a(flash_simulator.c.obj)
 .text.gpio_nrfx_port_get_raw
                0x0000000000008c64        0xc zephyr/drivers/gpio/libdrivers__gpio.a(gpio_nrfx.c.obj)
 .text.gpio_nrfx_port_set_masked_raw
                0x0000000000008c70       0x14 zephyr/drivers/gpio/libdrivers__gpio.a(gpio_nrfx.c.obj)
 .text.gpio_nrfx_port_set_bits_raw
                0x0000000000008c84        0xa zephyr/drivers/gpio/libdrivers__gpio.a(gpio_nrfx.c.obj)
 .text.gpio_nrfx_port_clear_bits_raw
                0x0000000000008c8e        0xa zephyr/drivers/gpio/libdrivers__gpio.a(gpio_nrfx.c.obj)
 .text.gpio_nrfx_port_toggle_bits
                0x0000000000008c98       0x14 zephyr/drivers/gpio/libdrivers__gpio.a(gpio_nrfx.c.obj)
 .text.gpio_nrfx_manage_callback
                0x0000000000008cac       0x52 zephyr/drivers/gpio/libdrivers__gpio.a(gpio_nrfx.c.obj)
 .text.pinctrl_lookup_state
                0x0000000000008cfe       0x26 zephyr/drivers/pinctrl/libdrivers__pinctrl.a(common.c.obj)
                0x0000000000008cfe                pinctrl_lookup_state
 .text.uarte_nrfx_err_check
                0x0000000000008d24        0xe zephyr/drivers/serial/libdrivers__serial.a(uart_nrfx_uarte.c.obj)
 .text.uarte_nrfx_poll_in
                0x0000000000008d32       0x26 zephyr/drivers/serial/libdrivers__serial.a(uart_nrfx_uarte.c.obj)
 .text.is_tx_ready.isra.0
                0x0000000000008d58       0x20 zephyr/drivers/serial/libdrivers__serial.a(uart_nrfx_uarte.c.obj)
 .text.uarte_nrfx_isr_int
                0x0000000000008d78       0x42 zephyr/drivers/serial/libdrivers__serial.a(uart_nrfx_uarte.c.obj)
 .text.irq_connect4
                0x0000000000008dba        0xa zephyr/drivers/spi/libdrivers__spi.a(spi_nrfx_spim.c.obj)
 .text.spi_context_get_next_buf.constprop.0
                0x0000000000008dc4       0x26 zephyr/drivers/spi/libdrivers__spi.a(spi_nrfx_spim.c.obj)
 .text.pinctrl_apply_state.constprop.0
                0x0000000000008dea       0x20 zephyr/drivers/spi/libdrivers__spi.a(spi_nrfx_spim.c.obj)
 .text.gpio_pin_set_dt.isra.0
                0x0000000000008e0a       0x28 zephyr/drivers/spi/libdrivers__spi.a(spi_nrfx_spim.c.obj)
 .text._spi_context_cs_control
                0x0000000000008e32       0x40 zephyr/drivers/spi/libdrivers__spi.a(spi_nrfx_spim.c.obj)
 .text.spi_context_unlock_unconditionally
                0x0000000000008e72       0x20 zephyr/drivers/spi/libdrivers__spi.a(spi_nrfx_spim.c.obj)
 .text.spi_nrfx_release
                0x0000000000008e92       0x24 zephyr/drivers/spi/libdrivers__spi.a(spi_nrfx_spim.c.obj)
 .text.spi_nrfx_init
                0x0000000000008eb6       0xb8 zephyr/drivers/spi/libdrivers__spi.a(spi_nrfx_spim.c.obj)
 .text.finish_transaction
                0x0000000000008f6e       0x22 zephyr/drivers/spi/libdrivers__spi.a(spi_nrfx_spim.c.obj)
 .text.event_handler
                0x0000000000008f90       0xb2 zephyr/drivers/spi/libdrivers__spi.a(spi_nrfx_spim.c.obj)
 .text.spi_nrfx_wake_request
                0x0000000000009042       0x50 zephyr/drivers/spi/libdrivers__spi.a(spi_nrfx_common.c.obj)
                0x0000000000009042                spi_nrfx_wake_request
 .text.event_clear
                0x0000000000009092       0x18 zephyr/drivers/timer/libdrivers__timer.a(nrf_rtc_timer.c.obj)
 .text.sys_clock_cycle_get_32
                0x00000000000090aa        0x8 zephyr/drivers/timer/libdrivers__timer.a(nrf_rtc_timer.c.obj)
                0x00000000000090aa                sys_clock_cycle_get_32
 .text.boot_read_image_header_hook
                0x00000000000090b2       0x5e modules/nrf/modules/mcuboot/hooks/lib..__nrf__modules__mcuboot__hooks.a(nrf53_hooks.c.obj)
                0x00000000000090b2                boot_read_image_header_hook
 .text.boot_perform_update_hook
                0x0000000000009110        0x4 modules/nrf/modules/mcuboot/hooks/lib..__nrf__modules__mcuboot__hooks.a(nrf53_hooks.c.obj)
                0x0000000000009110                boot_perform_update_hook
 .text.boot_read_swap_state_primary_slot_hook
                0x0000000000009114       0x18 modules/nrf/modules/mcuboot/hooks/lib..__nrf__modules__mcuboot__hooks.a(nrf53_hooks.c.obj)
                0x0000000000009114                boot_read_swap_state_primary_slot_hook
 .text.boot_copy_region_post_hook
                0x000000000000912c        0xc modules/nrf/modules/mcuboot/hooks/lib..__nrf__modules__mcuboot__hooks.a(nrf53_hooks.c.obj)
                0x000000000000912c                boot_copy_region_post_hook
 .text.hw_cc3xx_init_internal
                0x0000000000009138        0x4 modules/nrf/drivers/hw_cc3xx/lib..__nrf__drivers__hw_cc3xx.a(hw_cc3xx.c.obj)
 .text.hw_cc3xx_init
                0x000000000000913c       0x12 modules/nrf/drivers/hw_cc3xx/lib..__nrf__drivers__hw_cc3xx.a(hw_cc3xx.c.obj)
 .text.boot_swap_info_off
                0x000000000000914e        0xc modules/mcuboot/boot/bootutil/zephyr/libmcuboot_util.a(bootutil_public.c.obj)
                0x000000000000914e                boot_swap_info_off
 .text.boot_magic_compatible_check
                0x000000000000915a       0x1c modules/mcuboot/boot/bootutil/zephyr/libmcuboot_util.a(bootutil_public.c.obj)
                0x000000000000915a                boot_magic_compatible_check
 .text.bootutil_buffer_is_erased
                0x0000000000009176       0x26 modules/mcuboot/boot/bootutil/zephyr/libmcuboot_util.a(bootutil_public.c.obj)
                0x0000000000009176                bootutil_buffer_is_erased
 .text.boot_read_flag
                0x000000000000919c       0x38 modules/mcuboot/boot/bootutil/zephyr/libmcuboot_util.a(bootutil_public.c.obj)
 .text.boot_read_image_ok
                0x00000000000091d4        0xc modules/mcuboot/boot/bootutil/zephyr/libmcuboot_util.a(bootutil_public.c.obj)
                0x00000000000091d4                boot_read_image_ok
 .text.boot_read_swap_state_by_id
                0x00000000000091e0       0x28 modules/mcuboot/boot/bootutil/zephyr/libmcuboot_util.a(bootutil_public.c.obj)
                0x00000000000091e0                boot_read_swap_state_by_id
 .text.nrfx_isr
                0x0000000000009208        0x2 modules/hal_nordic/modules/hal_nordic/nrfx/libmodules__hal_nordic__nrfx.a(nrfx_glue.c.obj)
                0x0000000000009208                nrfx_isr
 .text.nrfx_busy_wait
                0x000000000000920a        0x4 modules/hal_nordic/modules/hal_nordic/nrfx/libmodules__hal_nordic__nrfx.a(nrfx_glue.c.obj)
                0x000000000000920a                nrfx_busy_wait
 .text.nrfx_gppi_event_endpoint_setup
                0x000000000000920e        0xa modules/hal_nordic/modules/hal_nordic/nrfx/libmodules__hal_nordic__nrfx.a(nrfx_gppi_dppi.c.obj)
                0x000000000000920e                nrfx_gppi_event_endpoint_setup
 .text.nrfx_gppi_task_endpoint_setup
                0x0000000000009218        0xa modules/hal_nordic/modules/hal_nordic/nrfx/libmodules__hal_nordic__nrfx.a(nrfx_gppi_dppi.c.obj)
                0x0000000000009218                nrfx_gppi_task_endpoint_setup
 .text.nrfx_gppi_channel_endpoints_setup
                0x0000000000009222        0xe modules/hal_nordic/modules/hal_nordic/nrfx/libmodules__hal_nordic__nrfx.a(nrfx_gppi_dppi.c.obj)
                0x0000000000009222                nrfx_gppi_channel_endpoints_setup
 .text.nrfx_clock_stop
                0x0000000000009230        0x4 modules/hal_nordic/modules/hal_nordic/nrfx/libmodules__hal_nordic__nrfx.a(nrfx_clock.c.obj)
                0x0000000000009230                nrfx_clock_stop
 .text.nrf_gpio_reconfigure
                0x0000000000009234       0x92 modules/hal_nordic/modules/hal_nordic/nrfx/libmodules__hal_nordic__nrfx.a(nrfx_gpiote.c.obj)
 .text.nrf_gpio_cfg_sense_set
                0x00000000000092c6       0x1e modules/hal_nordic/modules/hal_nordic/nrfx/libmodules__hal_nordic__nrfx.a(nrfx_gpiote.c.obj)
 .text.pin_in_event_get.isra.0
                0x00000000000092e4       0x22 modules/hal_nordic/modules/hal_nordic/nrfx/libmodules__hal_nordic__nrfx.a(nrfx_gpiote.c.obj)
 .text.pin_trigger_disable
                0x0000000000009306       0x48 modules/hal_nordic/modules/hal_nordic/nrfx/libmodules__hal_nordic__nrfx.a(nrfx_gpiote.c.obj)
 .text.nrfx_gpiote_pin_uninit
                0x000000000000934e        0x4 modules/hal_nordic/modules/hal_nordic/nrfx/libmodules__hal_nordic__nrfx.a(nrfx_gpiote.c.obj)
                0x000000000000934e                nrfx_gpiote_pin_uninit
 .text.nrfx_gpiote_trigger_disable
                0x0000000000009352        0x4 modules/hal_nordic/modules/hal_nordic/nrfx/libmodules__hal_nordic__nrfx.a(nrfx_gpiote.c.obj)
                0x0000000000009352                nrfx_gpiote_trigger_disable
 .text.nrfx_gpiote_in_event_get
                0x0000000000009356        0x6 modules/hal_nordic/modules/hal_nordic/nrfx/libmodules__hal_nordic__nrfx.a(nrfx_gpiote.c.obj)
                0x0000000000009356                nrfx_gpiote_in_event_get
 .text.nrfx_nvmc_flash_size_get
                0x000000000000935c        0x6 modules/hal_nordic/modules/hal_nordic/nrfx/libmodules__hal_nordic__nrfx.a(nrfx_nvmc.c.obj)
                0x000000000000935c                nrfx_nvmc_flash_size_get
 .text.nrfx_nvmc_flash_page_size_get
                0x0000000000009362        0x6 modules/hal_nordic/modules/hal_nordic/nrfx/libmodules__hal_nordic__nrfx.a(nrfx_nvmc.c.obj)
                0x0000000000009362                nrfx_nvmc_flash_page_size_get
 .text.nrfx_nvmc_flash_page_count_get
                0x0000000000009368        0x6 modules/hal_nordic/modules/hal_nordic/nrfx/libmodules__hal_nordic__nrfx.a(nrfx_nvmc.c.obj)
                0x0000000000009368                nrfx_nvmc_flash_page_count_get
 .text.__nrfy_internal_spim_event_handle
                0x000000000000936e       0x2a modules/hal_nordic/modules/hal_nordic/nrfx/libmodules__hal_nordic__nrfx.a(nrfx_spim.c.obj)
 .text.__nrfy_internal_spim_events_process
                0x0000000000009398       0x7c modules/hal_nordic/modules/hal_nordic/nrfx/libmodules__hal_nordic__nrfx.a(nrfx_spim.c.obj)
 .text.nrf_gpio_pin_set
                0x0000000000009414       0x18 modules/hal_nordic/modules/hal_nordic/nrfx/libmodules__hal_nordic__nrfx.a(nrfx_spim.c.obj)
 .text.nrf_gpio_pin_clear
                0x000000000000942c       0x18 modules/hal_nordic/modules/hal_nordic/nrfx/libmodules__hal_nordic__nrfx.a(nrfx_spim.c.obj)
 .text.spim_abort
                0x0000000000009444       0x2c modules/hal_nordic/modules/hal_nordic/nrfx/libmodules__hal_nordic__nrfx.a(nrfx_spim.c.obj)
 .text.z_impl_k_busy_wait
                0x0000000000009470        0x8 zephyr/kernel/libkernel.a(busy_wait.c.obj)
                0x0000000000009470                z_impl_k_busy_wait
 .text.z_device_state_init
                0x0000000000009478        0x2 zephyr/kernel/libkernel.a(device.c.obj)
                0x0000000000009478                z_device_state_init
 .text.z_impl_device_is_ready
                0x000000000000947a       0x16 zephyr/kernel/libkernel.a(device.c.obj)
                0x000000000000947a                z_impl_device_is_ready
 .text.arch_system_halt
                0x0000000000009490       0x10 zephyr/kernel/libkernel.a(fatal.c.obj)
                0x0000000000009490                arch_system_halt
 .text.k_sys_fatal_error_handler
                0x00000000000094a0        0x6 zephyr/kernel/libkernel.a(fatal.c.obj)
                0x00000000000094a0                k_sys_fatal_error_handler
 .text.do_device_init
                0x00000000000094a6       0x30 zephyr/kernel/libkernel.a(init.c.obj)
 .text.z_early_memset
                0x00000000000094d6        0x4 zephyr/kernel/libkernel.a(init.c.obj)
                0x00000000000094d6                z_early_memset
 .text.z_early_memcpy
                0x00000000000094da        0x4 zephyr/kernel/libkernel.a(init.c.obj)
                0x00000000000094da                z_early_memcpy
 .text.z_init_static
                0x00000000000094de        0x2 zephyr/kernel/libkernel.a(init_static.c.obj)
                0x00000000000094de                z_init_static
 .text.create_free_list
                0x00000000000094e0       0x34 zephyr/kernel/libkernel.a(mem_slab.c.obj)
 .text.k_mem_slab_init
                0x0000000000009514       0x1c zephyr/kernel/libkernel.a(mem_slab.c.obj)
                0x0000000000009514                k_mem_slab_init
 .text.k_mem_slab_free
                0x0000000000009530       0x6e zephyr/kernel/libkernel.a(mem_slab.c.obj)
                0x0000000000009530                k_mem_slab_free
 .text.idle     0x000000000000959e       0x16 zephyr/kernel/libkernel.a(idle.c.obj)
                0x000000000000959e                idle
 .text.adjust_owner_prio.isra.0
                0x00000000000095b4       0x10 zephyr/kernel/libkernel.a(mutex.c.obj)
 .text.z_impl_k_mutex_init
                0x00000000000095c4        0xe zephyr/kernel/libkernel.a(mutex.c.obj)
                0x00000000000095c4                z_impl_k_mutex_init
 .text.z_impl_k_sem_init
                0x00000000000095d2       0x18 zephyr/kernel/libkernel.a(sem.c.obj)
                0x00000000000095d2                z_impl_k_sem_init
 .text.k_is_in_isr
                0x00000000000095ea        0xc zephyr/kernel/libkernel.a(thread.c.obj)
                0x00000000000095ea                k_is_in_isr
 .text.sys_dlist_remove
                0x00000000000095f6       0x10 zephyr/kernel/libkernel.a(sched.c.obj)
 .text.unpend_thread_no_timeout
                0x0000000000009606       0x14 zephyr/kernel/libkernel.a(sched.c.obj)
 .text.add_to_waitq_locked
                0x000000000000961a       0x50 zephyr/kernel/libkernel.a(sched.c.obj)
 .text.z_ready_thread
                0x000000000000966a       0x1e zephyr/kernel/libkernel.a(sched.c.obj)
                0x000000000000966a                z_ready_thread
 .text.z_unpend_thread_no_timeout
                0x0000000000009688       0x22 zephyr/kernel/libkernel.a(sched.c.obj)
                0x0000000000009688                z_unpend_thread_no_timeout
 .text.z_sched_wake_thread
                0x00000000000096aa       0x3a zephyr/kernel/libkernel.a(sched.c.obj)
                0x00000000000096aa                z_sched_wake_thread
 .text.z_thread_timeout
                0x00000000000096e4        0x8 zephyr/kernel/libkernel.a(sched.c.obj)
                0x00000000000096e4                z_thread_timeout
 .text.z_unpend1_no_timeout
                0x00000000000096ec       0x2c zephyr/kernel/libkernel.a(sched.c.obj)
                0x00000000000096ec                z_unpend1_no_timeout
 .text.z_impl_k_sleep
                0x0000000000009718       0x32 zephyr/kernel/libkernel.a(sched.c.obj)
                0x0000000000009718                z_impl_k_sleep
 .text.next_timeout
                0x000000000000974a       0x32 zephyr/kernel/libkernel.a(timeout.c.obj)
 .text.z_abort_timeout
                0x000000000000977c       0x42 zephyr/kernel/libkernel.a(timeout.c.obj)
                0x000000000000977c                z_abort_timeout
 .text.sys_clock_tick_get_32
                0x00000000000097be        0x8 zephyr/kernel/libkernel.a(timeout.c.obj)
                0x00000000000097be                sys_clock_tick_get_32
 .text.z_impl_k_uptime_ticks
                0x00000000000097c6        0x4 zephyr/kernel/libkernel.a(timeout.c.obj)
                0x00000000000097c6                z_impl_k_uptime_ticks
 .text.z_impl_k_timer_stop
                0x00000000000097ca       0x38 zephyr/kernel/libkernel.a(timer.c.obj)
                0x00000000000097ca                z_impl_k_timer_stop
 *(SORT_BY_ALIGNMENT(.TEXT.*))
 *(SORT_BY_ALIGNMENT(.gnu.linkonce.t.*))
 *(SORT_BY_ALIGNMENT(.glue_7t))
 .glue_7t       0x0000000000009802        0x0 linker stubs
 *(SORT_BY_ALIGNMENT(.glue_7))
 .glue_7        0x0000000000009802        0x0 linker stubs
 *(SORT_BY_ALIGNMENT(.vfp11_veneer))
 .vfp11_veneer  0x0000000000009802        0x0 linker stubs
 *(SORT_BY_ALIGNMENT(.v4_bx))
 .v4_bx         0x0000000000009802        0x0 linker stubs
                0x0000000000009804                . = ALIGN (0x4)
 *fill*         0x0000000000009802        0x2 
                0x0000000000009804                __text_region_end = .

.ARM.exidx      0x0000000000009804        0x8
                0x0000000000009804                __exidx_start = .
 *(SORT_BY_ALIGNMENT(.ARM.exidx*) SORT_BY_ALIGNMENT(gnu.linkonce.armexidx.*))
 .ARM.exidx     0x0000000000009804        0x8 /opt/nordic/ncs/toolchains/ef4fc6722e/opt/zephyr-sdk/arm-zephyr-eabi/bin/../lib/gcc/arm-zephyr-eabi/12.2.0/thumb/v8-m.main/nofp/libgcc.a(_udivmoddi4.o)
                0x000000000000980c                __exidx_end = .
                0x000000000000980c                __rodata_region_start = .

initlevel       0x000000000000980c       0x80
                0x000000000000980c                __init_start = .
                0x000000000000980c                __init_EARLY_start = .
 *(SORT_BY_NAME(SORT_BY_ALIGNMENT(.z_init_EARLY?_*)))
 *(SORT_BY_NAME(SORT_BY_ALIGNMENT(.z_init_EARLY??_*)))
                0x000000000000980c                __init_PRE_KERNEL_1_start = .
 *(SORT_BY_NAME(SORT_BY_ALIGNMENT(.z_init_PRE_KERNEL_1?_*)))
 .z_init_PRE_KERNEL_10_0_
                0x000000000000980c        0x8 zephyr/soc/soc/nrf5340/libsoc__nordic.a(soc.c.obj)
 .z_init_PRE_KERNEL_10_0_
                0x0000000000009814        0x8 zephyr/soc/soc/nrf5340/libsoc__nordic.a(nrf53_cpunet_mgmt.c.obj)
 *(SORT_BY_NAME(SORT_BY_ALIGNMENT(.z_init_PRE_KERNEL_1??_*)))
 .z_init_PRE_KERNEL_130_00089_
                0x000000000000981c        0x8 zephyr/drivers/clock_control/libdrivers__clock_control.a(clock_control_nrf.c.obj)
 .z_init_PRE_KERNEL_130_0_
                0x0000000000009824        0x8 zephyr/kernel/libkernel.a(mem_slab.c.obj)
 .z_init_PRE_KERNEL_140_00008_
                0x000000000000982c        0x8 zephyr/drivers/gpio/libdrivers__gpio.a(gpio_nrfx.c.obj)
 .z_init_PRE_KERNEL_140_00014_
                0x0000000000009834        0x8 zephyr/drivers/gpio/libdrivers__gpio.a(gpio_nrfx.c.obj)
 .z_init_PRE_KERNEL_140_0_
                0x000000000000983c        0x8 modules/nrf/drivers/hw_cc3xx/lib..__nrf__drivers__hw_cc3xx.a(hw_cc3xx.c.obj)
 .z_init_PRE_KERNEL_150_00125_
                0x0000000000009844        0x8 zephyr/drivers/serial/libdrivers__serial.a(uart_nrfx_uarte.c.obj)
 .z_init_PRE_KERNEL_160_0_
                0x000000000000984c        0x8 zephyr/drivers/console/libdrivers__console.a(uart_console.c.obj)
                0x0000000000009854                __init_PRE_KERNEL_2_start = .
 *(SORT_BY_NAME(SORT_BY_ALIGNMENT(.z_init_PRE_KERNEL_2?_*)))
 .z_init_PRE_KERNEL_20_0_
                0x0000000000009854        0x8 zephyr/drivers/timer/libdrivers__timer.a(nrf_rtc_timer.c.obj)
 *(SORT_BY_NAME(SORT_BY_ALIGNMENT(.z_init_PRE_KERNEL_2??_*)))
                0x000000000000985c                __init_POST_KERNEL_start = .
 *(SORT_BY_NAME(SORT_BY_ALIGNMENT(.z_init_POST_KERNEL?_*)))
 .z_init_POST_KERNEL0_0_
                0x000000000000985c        0x8 zephyr/soc/soc/nrf5340/libsoc__nordic.a(soc.c.obj)
 *(SORT_BY_NAME(SORT_BY_ALIGNMENT(.z_init_POST_KERNEL??_*)))
 .z_init_POST_KERNEL40_0_
                0x0000000000009864        0x8 modules/nrf/drivers/hw_cc3xx/lib..__nrf__drivers__hw_cc3xx.a(hw_cc3xx.c.obj)
 .z_init_POST_KERNEL50_00084_
                0x000000000000986c        0x8 zephyr/drivers/flash/libdrivers__flash.a(flash_simulator.c.obj)
 .z_init_POST_KERNEL50_00136_
                0x0000000000009874        0x8 zephyr/drivers/flash/libdrivers__flash.a(soc_flash_nrf.c.obj)
 .z_init_POST_KERNEL50_00158_
                0x000000000000987c        0x8 zephyr/drivers/spi/libdrivers__spi.a(spi_nrfx_spim.c.obj)
 .z_init_POST_KERNEL80_00159_
                0x0000000000009884        0x8 zephyr/drivers/flash/libdrivers__flash.a(spi_nor.c.obj)
                0x000000000000988c                __init_APPLICATION_start = .
 *(SORT_BY_NAME(SORT_BY_ALIGNMENT(.z_init_APPLICATION?_*)))
 *(SORT_BY_NAME(SORT_BY_ALIGNMENT(.z_init_APPLICATION??_*)))
                0x000000000000988c                __init_SMP_start = .
 *(SORT_BY_NAME(SORT_BY_ALIGNMENT(.z_init_SMP?_*)))
 *(SORT_BY_NAME(SORT_BY_ALIGNMENT(.z_init_SMP??_*)))
                0x000000000000988c                __init_end = .
                0x000000000000988c                __deferred_init_list_start = .
 *(SORT_BY_ALIGNMENT(.z_deferred_init*))
                0x000000000000988c                __deferred_init_list_end = .

device_area     0x000000000000988c       0xa0
                0x000000000000988c                _device_list_start = .
 *(SORT_BY_NAME(SORT_BY_ALIGNMENT(._device.static.*_?_*)))
 *(SORT_BY_NAME(SORT_BY_ALIGNMENT(._device.static.*_??_*)))
 ._device.static.1_30_
                0x000000000000988c       0x14 zephyr/drivers/clock_control/libdrivers__clock_control.a(clock_control_nrf.c.obj)
                0x000000000000988c                __device_dts_ord_89
 ._device.static.1_40_
                0x00000000000098a0       0x28 zephyr/drivers/gpio/libdrivers__gpio.a(gpio_nrfx.c.obj)
                0x00000000000098a0                __device_dts_ord_14
                0x00000000000098b4                __device_dts_ord_8
 ._device.static.1_50_
                0x00000000000098c8       0x14 zephyr/drivers/serial/libdrivers__serial.a(uart_nrfx_uarte.c.obj)
                0x00000000000098c8                __device_dts_ord_125
 ._device.static.3_50_
                0x00000000000098dc       0x14 zephyr/drivers/flash/libdrivers__flash.a(soc_flash_nrf.c.obj)
                0x00000000000098dc                __device_dts_ord_136
 ._device.static.3_50_
                0x00000000000098f0       0x14 zephyr/drivers/flash/libdrivers__flash.a(flash_simulator.c.obj)
                0x00000000000098f0                __device_dts_ord_84
 ._device.static.3_50_
                0x0000000000009904       0x14 zephyr/drivers/spi/libdrivers__spi.a(spi_nrfx_spim.c.obj)
                0x0000000000009904                __device_dts_ord_158
 ._device.static.3_80_
                0x0000000000009918       0x14 zephyr/drivers/flash/libdrivers__flash.a(spi_nor.c.obj)
                0x0000000000009918                __device_dts_ord_159
                0x000000000000992c                _device_list_end = .

sw_isr_table    0x000000000000992c      0x228
                0x000000000000992c                . = ALIGN (0x4)
 *(SORT_BY_ALIGNMENT(.gnu.linkonce.sw_isr_table*))
 .gnu.linkonce.sw_isr_table
                0x000000000000992c      0x228 zephyr/CMakeFiles/zephyr_final.dir/isr_tables.c.obj
                0x000000000000992c                _sw_isr_table

initlevel_error
                0x000000000000980c        0x0
 *(SORT_BY_NAME(SORT_BY_ALIGNMENT(.z_init_[_A-Z0-9]*)))
                0x0000000000000001                ASSERT ((SIZEOF (initlevel_error) == 0x0), Undefined initialization levels used.)

app_shmem_regions
                0x0000000000009b54        0x0
                0x0000000000009b54                __app_shmem_regions_start = .
 *(SORT_BY_NAME(SORT_BY_ALIGNMENT(.app_regions.*)))
                0x0000000000009b54                __app_shmem_regions_end = .

k_p4wq_initparam_area
                0x0000000000009b54        0x0
                0x0000000000009b54                _k_p4wq_initparam_list_start = .
 *(SORT_BY_NAME(SORT_BY_ALIGNMENT(._k_p4wq_initparam.static.*)))
                0x0000000000009b54                _k_p4wq_initparam_list_end = .

_static_thread_data_area
                0x0000000000009b54        0x0
                0x0000000000009b54                __static_thread_data_list_start = .
 *(SORT_BY_NAME(SORT_BY_ALIGNMENT(.__static_thread_data.static.*)))
                0x0000000000009b54                __static_thread_data_list_end = .

device_deps     0x0000000000009b54        0x0
                0x0000000000009b54                __device_deps_start = .
 *(SORT_BY_NAME(SORT_BY_ALIGNMENT(.__device_deps_pass2*)))
                0x0000000000009b54                __device_deps_end = .

flash_driver_api_area
                0x0000000000009b54       0x48
                0x0000000000009b54                _flash_driver_api_list_start = .
 *(SORT_BY_NAME(SORT_BY_ALIGNMENT(._flash_driver_api.static.*)))
 ._flash_driver_api.static.flash_nrf_api_
                0x0000000000009b54       0x18 zephyr/drivers/flash/libdrivers__flash.a(soc_flash_nrf.c.obj)
 ._flash_driver_api.static.flash_sim_api_
                0x0000000000009b6c       0x18 zephyr/drivers/flash/libdrivers__flash.a(flash_simulator.c.obj)
 ._flash_driver_api.static.spi_nor_api_
                0x0000000000009b84       0x18 zephyr/drivers/flash/libdrivers__flash.a(spi_nor.c.obj)
                0x0000000000009b9c                _flash_driver_api_list_end = .

gpio_driver_api_area
                0x0000000000009b9c       0x24
                0x0000000000009b9c                _gpio_driver_api_list_start = .
 *(SORT_BY_NAME(SORT_BY_ALIGNMENT(._gpio_driver_api.static.*)))
 ._gpio_driver_api.static.gpio_nrfx_drv_api_funcs_
                0x0000000000009b9c       0x24 zephyr/drivers/gpio/libdrivers__gpio.a(gpio_nrfx.c.obj)
                0x0000000000009bc0                _gpio_driver_api_list_end = .

spi_driver_api_area
                0x0000000000009bc0        0x8
                0x0000000000009bc0                _spi_driver_api_list_start = .
 *(SORT_BY_NAME(SORT_BY_ALIGNMENT(._spi_driver_api.static.*)))
 ._spi_driver_api.static.spi_nrfx_driver_api_
                0x0000000000009bc0        0x8 zephyr/drivers/spi/libdrivers__spi.a(spi_nrfx_spim.c.obj)
                0x0000000000009bc8                _spi_driver_api_list_end = .

shared_irq_driver_api_area
                0x0000000000009bc8        0x0
                0x0000000000009bc8                _shared_irq_driver_api_list_start = .
 *(SORT_BY_NAME(SORT_BY_ALIGNMENT(._shared_irq_driver_api.static.*)))
                0x0000000000009bc8                _shared_irq_driver_api_list_end = .

crypto_driver_api_area
                0x0000000000009bc8        0x0
                0x0000000000009bc8                _crypto_driver_api_list_start = .